Archive member included to satisfy reference by file (symbol)

C:/nxp/MCUXpressoIDE_24.9.25/ide/plugins/com.nxp.mcuxpresso.tools.win32_24.9.0.202407110857/tools/bin/../lib/gcc/arm-none-eabi/13.2.1/../../../../arm-none-eabi/lib/thumb/v6-m/nofp\libcr_nohost_nf.a(_cr__main.o)
                              ./startup/startup_mke16z4.o (__main)
C:/nxp/MCUXpressoIDE_24.9.25/ide/plugins/com.nxp.mcuxpresso.tools.win32_24.9.0.202407110857/tools/bin/../lib/gcc/arm-none-eabi/13.2.1/../../../../arm-none-eabi/lib/thumb/v6-m/nofp\libcr_c.a(memcpy.o)
                              ./utilities/fsl_str.o (memcpy)
C:/nxp/MCUXpressoIDE_24.9.25/ide/plugins/com.nxp.mcuxpresso.tools.win32_24.9.0.202407110857/tools/bin/../lib/gcc/arm-none-eabi/13.2.1/../../../../arm-none-eabi/lib/thumb/v6-m/nofp\libcr_c.a(memmove.o)
                              ./source/SREC_LAYER/srec.o (memmove)
C:/nxp/MCUXpressoIDE_24.9.25/ide/plugins/com.nxp.mcuxpresso.tools.win32_24.9.0.202407110857/tools/bin/../lib/gcc/arm-none-eabi/13.2.1/../../../../arm-none-eabi/lib/thumb/v6-m/nofp\libcr_c.a(memset.o)
                              ./utilities/fsl_debug_console.o (memset)
C:/nxp/MCUXpressoIDE_24.9.25/ide/plugins/com.nxp.mcuxpresso.tools.win32_24.9.0.202407110857/tools/bin/../lib/gcc/arm-none-eabi/13.2.1/../../../../arm-none-eabi/lib/thumb/v6-m/nofp\libcr_c.a(alloc.o)
                              ./drivers/fsl_common.o (malloc)
C:/nxp/MCUXpressoIDE_24.9.25/ide/plugins/com.nxp.mcuxpresso.tools.win32_24.9.0.202407110857/tools/bin/../lib/gcc/arm-none-eabi/13.2.1/../../../../arm-none-eabi/lib/thumb/v6-m/nofp\libcr_c.a(ctype.o)
                              ./source/SREC_LAYER/srec.o (__ctype)
C:/nxp/MCUXpressoIDE_24.9.25/ide/plugins/com.nxp.mcuxpresso.tools.win32_24.9.0.202407110857/tools/bin/../lib/gcc/arm-none-eabi/13.2.1/../../../../arm-none-eabi/lib/thumb/v6-m/nofp\libcr_c.a(errno.o)
                              ./utilities/fsl_str.o (errno)
C:/nxp/MCUXpressoIDE_24.9.25/ide/plugins/com.nxp.mcuxpresso.tools.win32_24.9.0.202407110857/tools/bin/../lib/gcc/arm-none-eabi/13.2.1/../../../../arm-none-eabi/lib/thumb/v6-m/nofp\libcr_c.a(initio.o)
                              C:/nxp/MCUXpressoIDE_24.9.25/ide/plugins/com.nxp.mcuxpresso.tools.win32_24.9.0.202407110857/tools/bin/../lib/gcc/arm-none-eabi/13.2.1/../../../../arm-none-eabi/lib/thumb/v6-m/nofp\libcr_nohost_nf.a(_cr__main.o) (_initio)
C:/nxp/MCUXpressoIDE_24.9.25/ide/plugins/com.nxp.mcuxpresso.tools.win32_24.9.0.202407110857/tools/bin/../lib/gcc/arm-none-eabi/13.2.1/../../../../arm-none-eabi/lib/thumb/v6-m/nofp\libcr_c.a(printf.o)
                              ./source/SREC_LAYER/srec.o (_printf)
C:/nxp/MCUXpressoIDE_24.9.25/ide/plugins/com.nxp.mcuxpresso.tools.win32_24.9.0.202407110857/tools/bin/../lib/gcc/arm-none-eabi/13.2.1/../../../../arm-none-eabi/lib/thumb/v6-m/nofp\libcr_c.a(scanf.o)
                              ./utilities/fsl_str.o (strtoul)
C:/nxp/MCUXpressoIDE_24.9.25/ide/plugins/com.nxp.mcuxpresso.tools.win32_24.9.0.202407110857/tools/bin/../lib/gcc/arm-none-eabi/13.2.1/../../../../arm-none-eabi/lib/thumb/v6-m/nofp\libcr_c.a(setvbuf.o)
                              C:/nxp/MCUXpressoIDE_24.9.25/ide/plugins/com.nxp.mcuxpresso.tools.win32_24.9.0.202407110857/tools/bin/../lib/gcc/arm-none-eabi/13.2.1/../../../../arm-none-eabi/lib/thumb/v6-m/nofp\libcr_c.a(initio.o) (setvbuf)
C:/nxp/MCUXpressoIDE_24.9.25/ide/plugins/com.nxp.mcuxpresso.tools.win32_24.9.0.202407110857/tools/bin/../lib/gcc/arm-none-eabi/13.2.1/../../../../arm-none-eabi/lib/thumb/v6-m/nofp\libcr_c.a(strlen.o)
                              ./utilities/fsl_str.o (strlen)
C:/nxp/MCUXpressoIDE_24.9.25/ide/plugins/com.nxp.mcuxpresso.tools.win32_24.9.0.202407110857/tools/bin/../lib/gcc/arm-none-eabi/13.2.1/../../../../arm-none-eabi/lib/thumb/v6-m/nofp\libcr_c.a(ungetc.o)
                              C:/nxp/MCUXpressoIDE_24.9.25/ide/plugins/com.nxp.mcuxpresso.tools.win32_24.9.0.202407110857/tools/bin/../lib/gcc/arm-none-eabi/13.2.1/../../../../arm-none-eabi/lib/thumb/v6-m/nofp\libcr_c.a(scanf.o) (ungetc)
C:/nxp/MCUXpressoIDE_24.9.25/ide/plugins/com.nxp.mcuxpresso.tools.win32_24.9.0.202407110857/tools/bin/../lib/gcc/arm-none-eabi/13.2.1/../../../../arm-none-eabi/lib/thumb/v6-m/nofp\libcr_c.a(__fillbuf.o)
                              C:/nxp/MCUXpressoIDE_24.9.25/ide/plugins/com.nxp.mcuxpresso.tools.win32_24.9.0.202407110857/tools/bin/../lib/gcc/arm-none-eabi/13.2.1/../../../../arm-none-eabi/lib/thumb/v6-m/nofp\libcr_c.a(scanf.o) (__filbuf)
C:/nxp/MCUXpressoIDE_24.9.25/ide/plugins/com.nxp.mcuxpresso.tools.win32_24.9.0.202407110857/tools/bin/../lib/gcc/arm-none-eabi/13.2.1/../../../../arm-none-eabi/lib/thumb/v6-m/nofp\libcr_c.a(__init_alloc.o)
                              C:/nxp/MCUXpressoIDE_24.9.25/ide/plugins/com.nxp.mcuxpresso.tools.win32_24.9.0.202407110857/tools/bin/../lib/gcc/arm-none-eabi/13.2.1/../../../../arm-none-eabi/lib/thumb/v6-m/nofp\libcr_c.a(alloc.o) (__heaps)
[...]
Memory Configuration

Name             Origin             Length             Attributes
PROGRAM_FLASH    0x00000000         0x00010000         xr
SRAM             0x1ffff800         0x00002000         xrw
*default*        0x00000000         0xffffffff

Linker script and memory map

LOAD ./utilities/fsl_assert.o
LOAD ./utilities/fsl_debug_console.o
LOAD ./utilities/fsl_str.o
LOAD ./startup/startup_mke16z4.o
LOAD ./source/UART/uart.o
LOAD ./source/SREC_LAYER/srec.o
LOAD ./source/QUEUE/user_queue.o
LOAD ./source/FLASH/flash.o
LOAD ./source/BOOT_LOADER/boot_loader.o
LOAD ./source/APPLICATION/app.o
LOAD ./source/DatPV18_MOOC_BOOT_LOADER.o
LOAD ./source/mtb.o
LOAD ./source/semihost_hardfault.o
LOAD ./drivers/fsl_clock.o
LOAD ./drivers/fsl_common.o
LOAD ./drivers/fsl_common_arm.o
LOAD ./drivers/fsl_gpio.o
LOAD ./drivers/fsl_lpi2c.o
LOAD ./drivers/fsl_lpuart.o
LOAD ./drivers/fsl_smc.o
LOAD ./device/system_MKE16Z4.o
LOAD ./component/uart/fsl_adapter_lpuart.o
LOAD ./component/serial_manager/fsl_component_serial_manager.o
LOAD ./component/serial_manager/fsl_component_serial_port_uart.o
LOAD ./component/lists/fsl_component_generic_list.o
LOAD ./board/board.o
LOAD ./board/clock_config.o
LOAD ./board/peripherals.o
LOAD ./board/pin_mux.o
START GROUP
LOAD C:/nxp/MCUXpressoIDE_24.9.25/ide/plugins/com.nxp.mcuxpresso.tools.win32_24.9.0.202407110857/tools/bin/../lib/gcc/arm-none-eabi/13.2.1/../../../../arm-none-eabi/lib/thumb/v6-m/nofp\libcr_nohost_nf.a
LOAD C:/nxp/MCUXpressoIDE_24.9.25/ide/plugins/com.nxp.mcuxpresso.tools.win32_24.9.0.202407110857/tools/bin/../lib/gcc/arm-none-eabi/13.2.1/../../../../arm-none-eabi/lib/thumb/v6-m/nofp\libcr_c.a
LOAD C:/nxp/MCUXpressoIDE_24.9.25/ide/plugins/com.nxp.mcuxpresso.tools.win32_24.9.0.202407110857/tools/bin/../lib/gcc/arm-none-eabi/13.2.1/thumb/v6-m/nofp\libcr_eabihelpers.a
LOAD C:/nxp/MCUXpressoIDE_24.9.25/ide/plugins/com.nxp.mcuxpresso.tools.win32_24.9.0.202407110857/tools/bin/../lib/gcc/arm-none-eabi/13.2.1/thumb/v6-m/nofp\libgcc.a
END GROUP
                0x00000000                        __base_PROGRAM_FLASH = 0x0
                0x00000000                        __base_Flash = 0x0
                0x00010000                        __top_PROGRAM_FLASH = 0x10000
                0x00010000                        __top_Flash = 0x10000
                0x1ffff800                        __base_SRAM = 0x1ffff800
                0x1ffff800                        __base_RAM = 0x1ffff800
                0x20001800                        __top_SRAM = 0x20001800
                0x20001800                        __top_RAM = 0x20001800

.text           0x00000000     0x4b14
 FILL mask 0xff
                0x00000000                        __vectors_start__ = ABSOLUTE (.)
 *(SORT_BY_ALIGNMENT(.isr_vector))
 .isr_vector    0x00000000       0xc0 ./startup/startup_mke16z4.o
                0x00000000                g_pfnVectors
                0x00000000                __Vectors
                0x000000c0                        . = ALIGN (0x4)
                0x000000c0                        __section_table_start = .
                0x000000c0                        __data_section_table = .
                0x000000c0        0x4 LONG 0x4b14 LOADADDR (.data)
                0x000000c4        0x4 LONG 0x1ffff880 ADDR (.data)
                0x000000c8        0x4 LONG 0x4 SIZEOF (.data)
                0x000000cc                        __data_section_table_end = .
                0x000000cc                        __bss_section_table = .
                0x000000cc        0x4 LONG 0x1ffff884 ADDR (.bss)
                0x000000d0        0x4 LONG 0x308 SIZEOF (.bss)
                0x000000d4                        __bss_section_table_end = .
                0x000000d4                        __section_table_end = .
 *(SORT_BY_ALIGNMENT(.after_vectors*))
 .after_vectors.reset
                0x000000d4       0x4c ./startup/startup_mke16z4.o
                0x000000d4                ResetISR
 .after_vectors.init_data
                0x00000120       0x12 ./startup/startup_mke16z4.o
                0x00000120                data_init
 .after_vectors.init_bss
                0x00000132       0x10 ./startup/startup_mke16z4.o
                0x00000132                bss_init
 .after_vectors
                0x00000142      0x10c ./startup/startup_mke16z4.o
                0x00000142                NMI_Handler
                0x00000146                SVC_Handler
                0x00000148                PendSV_Handler
                0x0000014a                SysTick_Handler
                0x0000014c                Reserved37_DriverIRQHandler
                0x0000014c                Reserved39_DriverIRQHandler
                0x0000014c                LPSPI0_DriverIRQHandler
                0x0000014c                FTM1_DriverIRQHandler
                0x0000014c                PDB0_DriverIRQHandler
                0x0000014c                WDOG_EWM_DriverIRQHandler
                0x0000014c                MSCAN_DriverIRQHandler
                0x0000014c                PWT_LPTMR0_DriverIRQHandler
                0x0000014c                CMP0_DriverIRQHandler
                0x0000014c                PORTBCD_DriverIRQHandler
                0x0000014c                Reserved18_DriverIRQHandler
                0x0000014c                ADC0_DriverIRQHandler
                0x0000014c                Reserved17_DriverIRQHandler
                0x0000014c                Reserved27_DriverIRQHandler
                0x0000014c                TSI_DriverIRQHandler
                0x0000014c                FTFA_DriverIRQHandler
                0x0000014c                FTM0_DriverIRQHandler
                0x0000014c                IntDefaultHandler
                0x0000014c                RTC_DriverIRQHandler
                0x0000014c                SCG_RCM_DriverIRQHandler
                0x0000014c                Reserved19_DriverIRQHandler
                0x0000014c                LVD_LVW_DriverIRQHandler
                0x0000014c                Reserved25_DriverIRQHandler
                0x0000014c                LPIT0_DriverIRQHandler
                0x0000014c                Reserved16_DriverIRQHandler
                0x0000014c                PORTAE_DriverIRQHandler
                0x0000014c                Reserved20_DriverIRQHandler
                0x0000014c                Reserved35_DriverIRQHandler
                0x0000014e                Reserved16_IRQHandler
                0x00000156                Reserved17_IRQHandler
                0x0000015e                Reserved18_IRQHandler
                0x00000166                Reserved19_IRQHandler
                0x0000016e                Reserved20_IRQHandler
                0x00000176                FTFA_IRQHandler
                0x0000017e                LVD_LVW_IRQHandler
                0x00000186                PORTAE_IRQHandler
                0x0000018e                LPI2C0_IRQHandler
                0x00000196                Reserved25_IRQHandler
                0x0000019e                LPSPI0_IRQHandler
                0x000001a6                Reserved27_IRQHandler
                0x000001b6                LPUART1_IRQHandler
                0x000001be                LPUART2_IRQHandler
                0x000001c6                ADC0_IRQHandler
                0x000001ce                CMP0_IRQHandler
                0x000001d6                FTM0_IRQHandler
                0x000001de                FTM1_IRQHandler
                0x000001e6                Reserved35_IRQHandler
                0x000001ee                RTC_IRQHandler
                0x000001f6                Reserved37_IRQHandler
                0x000001fe                LPIT0_IRQHandler
                0x00000206                Reserved39_IRQHandler
                0x0000020e                TSI_IRQHandler
                0x00000216                PDB0_IRQHandler
                0x0000021e                PORTBCD_IRQHandler
                0x00000226                SCG_RCM_IRQHandler
                0x0000022e                WDOG_EWM_IRQHandler
                0x00000236                PWT_LPTMR0_IRQHandler
                0x0000023e                MSCAN_Rx_IRQHandler
                0x00000246                MSCAN_ORed_IRQHandler
                0x00000400                        . = 0x400
 *fill*         0x0000024e      0x1b2 ff
                0x00000400                        PROVIDE (__FLASH_CONFIG_START__ = .)
 *(SORT_BY_ALIGNMENT(.FlashConfig))
 .FlashConfig   0x00000400       0x10 ./startup/startup_mke16z4.o
                0x00000400                Flash_Config
                0x00000410                        PROVIDE (__FLASH_CONFIG_END__ = .)
                0x00000001                        ASSERT (! ((__FLASH_CONFIG_START__ == __FLASH_CONFIG_END__)), Linker Flash Config Support Enabled, but no .FlashConfig section provided within application)
 *(SORT_BY_ALIGNMENT(.text*))
 .text.__assertion_failed
                0x00000410       0x34 ./utilities/fsl_assert.o
                0x00000410                __assertion_failed
 .text.DbgConsole_SendDataReliable
                0x00000444       0x5c ./utilities/fsl_debug_console.o
                0x00000444                DbgConsole_SendDataReliable
 .text.DbgConsole_Init
                0x000004a0      0x1a4 ./utilities/fsl_debug_console.o
                0x000004a0                DbgConsole_Init
 .text.DbgConsole_Vprintf
                0x00000644       0x70 ./utilities/fsl_debug_console.o
                0x00000644                DbgConsole_Vprintf
 .text.__NVIC_EnableIRQ
                0x000006b4       0x34 ./source/UART/uart.o
 .text.Init_UART
                0x000006e8       0x7c ./source/UART/uart.o
                0x000006e8                Init_UART
 .text.LPUART0_IRQHandler
                0x00000764       0xb4 ./source/UART/uart.o
                0x00000764                LPUART0_IRQHandler
 .text.Handel_Srec
                0x00000818      0x1c0 ./source/UART/uart.o
                0x00000818                Handel_Srec
 .text.Init_Queue
                0x000009d8       0x18 ./source/UART/uart.o
                0x000009d8                Init_Queue
 .text.getNibble
                0x000009f0       0xa4 ./source/SREC_LAYER/srec.o
                0x000009f0                getNibble
 .text.parseLine
                0x00000a94      0x2b0 ./source/SREC_LAYER/srec.o
                0x00000a94                parseLine
 .text.Increase
                0x00000d44       0x30 ./source/QUEUE/user_queue.o
 .text.deQueue  0x00000d74       0xb0 ./source/QUEUE/user_queue.o
                0x00000d74                deQueue
 .text.Flash_Erase
                0x00000e24       0x8c ./source/FLASH/flash.o
                0x00000e24                Flash_Erase
 .text.Flash_EraseMultiSector
                0x00000eb0       0x50 ./source/FLASH/flash.o
                0x00000eb0                Flash_EraseMultiSector
 .text.Flash_Write
                0x00000f00       0xac ./source/FLASH/flash.o
                0x00000f00                Flash_Write
 .text.Flash_VerifyData
                0x00000fac       0xa4 ./source/FLASH/flash.o
                0x00000fac                Flash_VerifyData
 .text.JumpToApplication
                0x00001050       0x70 ./source/BOOT_LOADER/boot_loader.o
                0x00001050                JumpToApplication
 .text.boot     0x000010c0       0x34 ./source/BOOT_LOADER/boot_loader.o
                0x000010c0                boot
 .text.sw3_check
                0x000010f4       0x24 ./source/APPLICATION/app.o
                0x000010f4                sw3_check
 .text.application
                0x00001118       0x60 ./source/APPLICATION/app.o
                0x00001118                application
 .text.HardFault_Handler
                0x00001178       0x38 ./source/semihost_hardfault.o
                0x00001178                HardFault_Handler
 .text.CLOCK_GetCurSysClkConfig
                0x000011b0       0x34 ./drivers/fsl_clock.o
 .text.CLOCK_GetErClkFreq
                0x000011e4       0x3c ./drivers/fsl_clock.o
                0x000011e4                CLOCK_GetErClkFreq
 .text.CLOCK_GetFreq
                0x00001220       0xb4 ./drivers/fsl_clock.o
                0x00001220                CLOCK_GetFreq
 .text.CLOCK_GetIpFreq
                0x000012d4       0xa0 ./drivers/fsl_clock.o
                0x000012d4                CLOCK_GetIpFreq
 .text.CLOCK_InitSysOsc
                0x00001374      0x138 ./drivers/fsl_clock.o
                0x00001374                CLOCK_InitSysOsc
 .text.CLOCK_DeinitSysOsc
                0x000014ac       0x54 ./drivers/fsl_clock.o
                0x000014ac                CLOCK_DeinitSysOsc
 .text.CLOCK_GetSysOscFreq
                0x00001500       0x48 ./drivers/fsl_clock.o
                0x00001500                CLOCK_GetSysOscFreq
 .text.CLOCK_GetSysOscAsyncFreq
                0x00001548       0x64 ./drivers/fsl_clock.o
                0x00001548                CLOCK_GetSysOscAsyncFreq
 .text.CLOCK_InitSirc
                0x000015ac       0x80 ./drivers/fsl_clock.o
                0x000015ac                CLOCK_InitSirc
 .text.CLOCK_DeinitSirc
                0x0000162c       0x50 ./drivers/fsl_clock.o
                0x0000162c                CLOCK_DeinitSirc
 .text.CLOCK_GetSircFreq
                0x0000167c       0x44 ./drivers/fsl_clock.o
                0x0000167c                CLOCK_GetSircFreq
 .text.CLOCK_GetSircAsyncFreq
                0x000016c0       0x64 ./drivers/fsl_clock.o
                0x000016c0                CLOCK_GetSircAsyncFreq
 .text.CLOCK_InitFirc
                0x00001724      0x110 ./drivers/fsl_clock.o
                0x00001724                CLOCK_InitFirc
 .text.CLOCK_DeinitFirc
                0x00001834       0x54 ./drivers/fsl_clock.o
                0x00001834                CLOCK_DeinitFirc
 .text.CLOCK_GetFircFreq
                0x00001888       0x44 ./drivers/fsl_clock.o
                0x00001888                CLOCK_GetFircFreq
 .text.CLOCK_GetFircAsyncFreq
                0x000018cc       0x64 ./drivers/fsl_clock.o
                0x000018cc                CLOCK_GetFircAsyncFreq
 .text.CLOCK_InitLpFll
                0x00001930      0x13c ./drivers/fsl_clock.o
                0x00001930                CLOCK_InitLpFll
 .text.CLOCK_DeinitLpFll
                0x00001a6c       0x54 ./drivers/fsl_clock.o
                0x00001a6c                CLOCK_DeinitLpFll
 .text.CLOCK_GetLpFllFreq
                0x00001ac0       0x44 ./drivers/fsl_clock.o
                0x00001ac0                CLOCK_GetLpFllFreq
 .text.CLOCK_GetLpFllAsyncFreq
                0x00001b04       0x68 ./drivers/fsl_clock.o
                0x00001b04                CLOCK_GetLpFllAsyncFreq
 .text.LPI2C_CommonIRQHandler
                0x00001b6c       0x70 ./drivers/fsl_lpi2c.o
 .text.LPI2C0_DriverIRQHandler
                0x00001bdc       0x18 ./drivers/fsl_lpi2c.o
                0x00001bdc                LPI2C0_DriverIRQHandler
 .text.CLOCK_EnableClock
                0x00001bf4       0x34 ./drivers/fsl_lpuart.o
 .text.LPUART_GetInstance
                0x00001c28       0x4c ./drivers/fsl_lpuart.o
                0x00001c28                LPUART_GetInstance
 .text.LPUART_Init
                0x00001c74      0x380 ./drivers/fsl_lpuart.o
                0x00001c74                LPUART_Init
 .text.LPUART_GetDefaultConfig
                0x00001ff4       0x8c ./drivers/fsl_lpuart.o
                0x00001ff4                LPUART_GetDefaultConfig
 .text.LPUART_EnableInterrupts
                0x00002080       0xc0 ./drivers/fsl_lpuart.o
                0x00002080                LPUART_EnableInterrupts
 .text.LPUART_GetStatusFlags
                0x00002140       0x34 ./drivers/fsl_lpuart.o
                0x00002140                LPUART_GetStatusFlags
 .text.LPUART_WriteBlocking
                0x00002174       0x6c ./drivers/fsl_lpuart.o
                0x00002174                LPUART_WriteBlocking
 .text.LPUART0_DriverIRQHandler
                0x000021e0       0x24 ./drivers/fsl_lpuart.o
                0x000021e0                LPUART0_DriverIRQHandler
 .text.LPUART1_DriverIRQHandler
                0x00002204       0x24 ./drivers/fsl_lpuart.o
                0x00002204                LPUART1_DriverIRQHandler
 .text.LPUART2_DriverIRQHandler
                0x00002228       0x24 ./drivers/fsl_lpuart.o
                0x00002228                LPUART2_DriverIRQHandler
 .text.SystemInit
                0x0000224c       0x5c ./device/system_MKE16Z4.o
                0x0000224c                SystemInit
 .text.HAL_UartGetStatus
                0x000022a8       0x34 ./component/uart/fsl_adapter_lpuart.o
 .text.HAL_UartInitCommon
                0x000022dc      0x108 ./component/uart/fsl_adapter_lpuart.o
 .text.HAL_UartInit
                0x000023e4       0x98 ./component/uart/fsl_adapter_lpuart.o
                0x000023e4                HAL_UartInit
 .text.HAL_UartSendBlocking
                0x0000247c       0x6c ./component/uart/fsl_adapter_lpuart.o
                0x0000247c                HAL_UartSendBlocking
 .text.SerialManager_StartWriting
                0x000024e8       0x44 ./component/serial_manager/fsl_component_serial_manager.o
 .text.SerialManager_Init
                0x0000252c       0x70 ./component/serial_manager/fsl_component_serial_manager.o
                0x0000252c                SerialManager_Init
 .text.SerialManager_OpenReadHandle
                0x0000259c       0x74 ./component/serial_manager/fsl_component_serial_manager.o
                0x0000259c                SerialManager_OpenReadHandle
 .text.CLOCK_SetIpSrc
                0x00002610       0x5c ./board/board.o
 .text.BOARD_InitDebugConsole
                0x0000266c       0x38 ./board/board.o
                0x0000266c                BOARD_InitDebugConsole
 .text.CLOCK_SetIpSrc
                0x000026a4       0x5c ./board/clock_config.o
 .text.CLOCK_SetRunModeSysClkConfig
                0x00002700       0x34 ./board/clock_config.o
 .text.CLOCK_GetCurSysClkConfig
                0x00002734       0x34 ./board/clock_config.o
 .text.CLOCK_SetXtal0Freq
                0x00002768       0x1c ./board/clock_config.o
 .text.CLOCK_CONFIG_FircSafeConfig
                0x00002784       0xc8 ./board/clock_config.o
 .text.BOARD_BootClockRUN
                0x0000284c       0xa8 ./board/clock_config.o
                0x0000284c                BOARD_BootClockRUN
 .text.CLOCK_EnableClock
                0x000028f4       0x34 ./board/pin_mux.o
 .text.PORT_SetPinConfig
                0x00002928       0x38 ./board/pin_mux.o
 .text.PORT_SetPinMux
                0x00002960       0x40 ./board/pin_mux.o
 .text.BOARD_InitPins
                0x000029a0       0x28 ./board/pin_mux.o
                0x000029a0                BOARD_InitPins
 .text.BOARD_InitDEBUG_UARTPins
                0x000029c8       0x78 ./board/pin_mux.o
                0x000029c8                BOARD_InitDEBUG_UARTPins
 .text._initio  0x00002a40       0x7c C:/nxp/MCUXpressoIDE_24.9.25/ide/plugins/com.nxp.mcuxpresso.tools.win32_24.9.0.202407110857/tools/bin/../lib/gcc/arm-none-eabi/13.2.1/../../../../arm-none-eabi/lib/thumb/v6-m/nofp\libcr_c.a(initio.o)
                0x00002a40                _initio
 .text.setvbuf  0x00002abc       0x4c C:/nxp/MCUXpressoIDE_24.9.25/ide/plugins/com.nxp.mcuxpresso.tools.win32_24.9.0.202407110857/tools/bin/../lib/gcc/arm-none-eabi/13.2.1/../../../../arm-none-eabi/lib/thumb/v6-m/nofp\libcr_c.a(setvbuf.o)
                0x00002abc                setvbuf
 .text.strlen   0x00002b08       0x5c C:/nxp/MCUXpressoIDE_24.9.25/ide/plugins/com.nxp.mcuxpresso.tools.win32_24.9.0.202407110857/tools/bin/../lib/gcc/arm-none-eabi/13.2.1/../../../../arm-none-eabi/lib/thumb/v6-m/nofp\libcr_c.a(strlen.o)
                0x00002b08                strlen
 .text._deferredlazyseek
                0x00002b64       0x40 C:/nxp/MCUXpressoIDE_24.9.25/ide/plugins/com.nxp.mcuxpresso.tools.win32_24.9.0.202407110857/tools/bin/../lib/gcc/arm-none-eabi/13.2.1/../../../../arm-none-eabi/lib/thumb/v6-m/nofp\libcr_c.a(_deferredlazyseek.o)
                0x00002b64                _deferredlazyseek
 .text._fdopen  0x00002ba4       0x74 C:/nxp/MCUXpressoIDE_24.9.25/ide/plugins/com.nxp.mcuxpresso.tools.win32_24.9.0.202407110857/tools/bin/../lib/gcc/arm-none-eabi/13.2.1/../../../../arm-none-eabi/lib/thumb/v6-m/nofp\libcr_c.a(_fdopen.o)
                0x00002ba4                _fdopen
 .text._fflush  0x00002c18       0x5c C:/nxp/MCUXpressoIDE_24.9.25/ide/plugins/com.nxp.mcuxpresso.tools.win32_24.9.0.202407110857/tools/bin/../lib/gcc/arm-none-eabi/13.2.1/../../../../arm-none-eabi/lib/thumb/v6-m/nofp\libcr_c.a(_fflush.o)
                0x00002c18                _fflush
 .text._Cwritebuf
                0x00002c74       0x68 C:/nxp/MCUXpressoIDE_24.9.25/ide/plugins/com.nxp.mcuxpresso.tools.win32_24.9.0.202407110857/tools/bin/../lib/gcc/arm-none-eabi/13.2.1/../../../../arm-none-eabi/lib/thumb/v6-m/nofp\libcr_c.a(_writebuf.o)
                0x00002c74                _Cwritebuf
 .text.fclose   0x00002cdc       0x5c C:/nxp/MCUXpressoIDE_24.9.25/ide/plugins/com.nxp.mcuxpresso.tools.win32_24.9.0.202407110857/tools/bin/../lib/gcc/arm-none-eabi/13.2.1/../../../../arm-none-eabi/lib/thumb/v6-m/nofp\libcr_c.a(fclose.o)
                0x00002cdc                fclose
 .text.fflush   0x00002d38       0x40 C:/nxp/MCUXpressoIDE_24.9.25/ide/plugins/com.nxp.mcuxpresso.tools.win32_24.9.0.202407110857/tools/bin/../lib/gcc/arm-none-eabi/13.2.1/../../../../arm-none-eabi/lib/thumb/v6-m/nofp\libcr_c.a(fflush.o)
                0x00002d38                fflush
 .text.fseek    0x00002d78       0xec C:/nxp/MCUXpressoIDE_24.9.25/ide/plugins/com.nxp.mcuxpresso.tools.win32_24.9.0.202407110857/tools/bin/../lib/gcc/arm-none-eabi/13.2.1/../../../../arm-none-eabi/lib/thumb/v6-m/nofp\libcr_c.a(fseek.o)
                0x00002d78                fseek
 .text.ftell    0x00002e64       0x4c C:/nxp/MCUXpressoIDE_24.9.25/ide/plugins/com.nxp.mcuxpresso.tools.win32_24.9.0.202407110857/tools/bin/../lib/gcc/arm-none-eabi/13.2.1/../../../../arm-none-eabi/lib/thumb/v6-m/nofp\libcr_c.a(ftell.o)
                0x00002e64                ftell
 .text._do_fflush
                0x00002eb0       0x48 C:/nxp/MCUXpressoIDE_24.9.25/ide/plugins/com.nxp.mcuxpresso.tools.win32_24.9.0.202407110857/tools/bin/../lib/gcc/arm-none-eabi/13.2.1/../../../../arm-none-eabi/lib/thumb/v6-m/nofp\libcr_c.a(_do_fflush.o)
                0x00002eb0                _do_fflush
 .text.fsl_assert_hook
                0x00002ef8       0x16 ./utilities/fsl_assert.o
                0x00002ef8                fsl_assert_hook
 .text.DbgConsole_PrintCallback
                0x00002f0e       0x6c ./utilities/fsl_debug_console.o
 .text.DbgConsole_Printf
                0x00002f7a       0x32 ./utilities/fsl_debug_console.o
                0x00002f7a                DbgConsole_Printf
 .text.PrintGetWidth
                0x00002fac       0x7c ./utilities/fsl_str.o
 .text.PrintGetPrecision
                0x00003028       0xa0 ./utilities/fsl_str.o
 .text.PrintIsobpu
                0x000030c8       0x3e ./utilities/fsl_str.o
 .text.PrintIsdi
                0x00003106       0x2e ./utilities/fsl_str.o
 .text.PrintOutputdifFobpu
                0x00003134       0x48 ./utilities/fsl_str.o
 .text.PrintOutputxX
                0x0000317c       0x48 ./utilities/fsl_str.o
 .text.PrintIsfF
                0x000031c4       0x2e ./utilities/fsl_str.o
 .text.PrintIsxX
                0x000031f2       0x2e ./utilities/fsl_str.o
 .text.PrintFilterLengthFlag
                0x00003220       0x44 ./utilities/fsl_str.o
 .text.PrintGetRadixFromobpu
                0x00003264       0x58 ./utilities/fsl_str.o
 .text.ConvertRadixNumToString
                0x000032bc       0xc0 ./utilities/fsl_str.o
 .text.StrFormatExaminedi
                0x0000337c       0x22 ./utilities/fsl_str.o
 .text.StrFormatExaminexX
                0x0000339e       0x22 ./utilities/fsl_str.o
 .text.StrFormatExamineobpu
                0x000033c0       0x22 ./utilities/fsl_str.o
 .text.ConvertPrecisionWidthToLength
                0x000033e2       0x22 ./utilities/fsl_str.o
 .text.StrFormatPrintf
                0x00003404      0x2d6 ./utilities/fsl_str.o
                0x00003404                StrFormatPrintf
 .text.EnableIRQ
                0x000036da       0x36 ./source/UART/uart.o
 .text.LPUART_ReadByte
                0x00003710       0x78 ./source/UART/uart.o
 .text.getByte  0x00003788       0x56 ./source/SREC_LAYER/srec.o
                0x00003788                getByte
 .text.InitQueue
                0x000037de       0x2e ./source/QUEUE/user_queue.o
                0x000037de                InitQueue
 .text.isFull   0x0000380c       0x22 ./source/QUEUE/user_queue.o
 .text.isEmpty  0x0000382e       0x20 ./source/QUEUE/user_queue.o
 .text.enQueue  0x0000384e       0x9c ./source/QUEUE/user_queue.o
                0x0000384e                enQueue
 .text.Flash_Read
                0x000038ea       0x18 ./source/FLASH/flash.o
                0x000038ea                Flash_Read
 .text.GPIO_PinRead
                0x00003902       0x20 ./source/APPLICATION/app.o
 .text.main     0x00003922       0x10 ./source/DatPV18_MOOC_BOOT_LOADER.o
                0x00003922                main
 .text.CLOCK_GetSysClkFreq
                0x00003932       0xac ./drivers/fsl_clock.o
                0x00003932                CLOCK_GetSysClkFreq
 .text.DisableGlobalIRQ
                0x000039de       0x1e ./drivers/fsl_lpuart.o
 .text.EnableGlobalIRQ
                0x000039fc       0x1c ./drivers/fsl_lpuart.o
 .text.LPUART_SoftwareReset
                0x00003a18       0x2a ./drivers/fsl_lpuart.o
 .text.SystemInitHook
                0x00003a42        0xa ./device/system_MKE16Z4.o
                0x00003a42                SystemInitHook
 .text.DisableGlobalIRQ
                0x00003a4c       0x1e ./component/serial_manager/fsl_component_serial_manager.o
 .text.EnableGlobalIRQ
                0x00003a6a       0x1c ./component/serial_manager/fsl_component_serial_manager.o
 .text.SerialManager_Write
                0x00003a86       0x44 ./component/serial_manager/fsl_component_serial_manager.o
 .text.SerialManager_OpenWriteHandle
                0x00003aca       0x56 ./component/serial_manager/fsl_component_serial_manager.o
                0x00003aca                SerialManager_OpenWriteHandle
 .text.SerialManager_WriteBlocking
                0x00003b20       0x22 ./component/serial_manager/fsl_component_serial_manager.o
                0x00003b20                SerialManager_WriteBlocking
 .text.Serial_UartInit
                0x00003b42       0x4e ./component/serial_manager/fsl_component_serial_port_uart.o
                0x00003b42                Serial_UartInit
 .text.Serial_UartWrite
                0x00003b90       0x38 ./component/serial_manager/fsl_component_serial_port_uart.o
                0x00003b90                Serial_UartWrite
 .text.BOARD_InitBootClocks
                0x00003bc8        0xe ./board/clock_config.o
                0x00003bc8                BOARD_InitBootClocks
 .text.BOARD_InitPeripherals
                0x00003bd6        0xa ./board/peripherals.o
                0x00003bd6                BOARD_InitPeripherals
 .text.BOARD_InitBootPeripherals
                0x00003be0        0xe ./board/peripherals.o
                0x00003be0                BOARD_InitBootPeripherals
 .text.BOARD_InitBootPins
                0x00003bee       0x12 ./board/pin_mux.o
                0x00003bee                BOARD_InitBootPins
 .text.__main   0x00003c00        0xc C:/nxp/MCUXpressoIDE_24.9.25/ide/plugins/com.nxp.mcuxpresso.tools.win32_24.9.0.202407110857/tools/bin/../lib/gcc/arm-none-eabi/13.2.1/../../../../arm-none-eabi/lib/thumb/v6-m/nofp\libcr_nohost_nf.a(_cr__main.o)
                0x00003c00                __main
 .text.memcpy   0x00003c0c        0x8 C:/nxp/MCUXpressoIDE_24.9.25/ide/plugins/com.nxp.mcuxpresso.tools.win32_24.9.0.202407110857/tools/bin/../lib/gcc/arm-none-eabi/13.2.1/../../../../arm-none-eabi/lib/thumb/v6-m/nofp\libcr_c.a(memcpy.o)
                0x00003c0c                memcpy
 .text.memmove  0x00003c14        0x8 C:/nxp/MCUXpressoIDE_24.9.25/ide/plugins/com.nxp.mcuxpresso.tools.win32_24.9.0.202407110857/tools/bin/../lib/gcc/arm-none-eabi/13.2.1/../../../../arm-none-eabi/lib/thumb/v6-m/nofp\libcr_c.a(memmove.o)
                0x00003c14                memmove
 .text.memset   0x00003c1c        0x8 C:/nxp/MCUXpressoIDE_24.9.25/ide/plugins/com.nxp.mcuxpresso.tools.win32_24.9.0.202407110857/tools/bin/../lib/gcc/arm-none-eabi/13.2.1/../../../../arm-none-eabi/lib/thumb/v6-m/nofp\libcr_c.a(memset.o)
                0x00003c1c                memset
 .text.free     0x00003c24       0x2c C:/nxp/MCUXpressoIDE_24.9.25/ide/plugins/com.nxp.mcuxpresso.tools.win32_24.9.0.202407110857/tools/bin/../lib/gcc/arm-none-eabi/13.2.1/../../../../arm-none-eabi/lib/thumb/v6-m/nofp\libcr_c.a(alloc.o)
                0x00003c24                free
 .text.remove   0x00003c50       0x12 C:/nxp/MCUXpressoIDE_24.9.25/ide/plugins/com.nxp.mcuxpresso.tools.win32_24.9.0.202407110857/tools/bin/../lib/gcc/arm-none-eabi/13.2.1/../../../../arm-none-eabi/lib/thumb/v6-m/nofp\libcr_c.a(remove.o)
                0x00003c50                remove
 .text.__aeabi_division_idivmod
                0x00003c62       0x78 C:/nxp/MCUXpressoIDE_24.9.25/ide/plugins/com.nxp.mcuxpresso.tools.win32_24.9.0.202407110857/tools/bin/../lib/gcc/arm-none-eabi/13.2.1/thumb/v6-m/nofp\libcr_eabihelpers.a(division_32.o)
                0x00003c62                __aeabi_idivmod
                0x00003c62                __aeabi_idiv
                0x00003c68                __aeabi_uidivmod
                0x00003c68                __aeabi_uidiv
 .text.__aeabi_division_idiv0
                0x00003cda        0x2 C:/nxp/MCUXpressoIDE_24.9.25/ide/plugins/com.nxp.mcuxpresso.tools.win32_24.9.0.202407110857/tools/bin/../lib/gcc/arm-none-eabi/13.2.1/thumb/v6-m/nofp\libcr_eabihelpers.a(division_idiv0.o)
                0x00003cda                __aeabi_idiv0
 .text.__aeabi_memcpy
                0x00003cdc       0x2c C:/nxp/MCUXpressoIDE_24.9.25/ide/plugins/com.nxp.mcuxpresso.tools.win32_24.9.0.202407110857/tools/bin/../lib/gcc/arm-none-eabi/13.2.1/thumb/v6-m/nofp\libcr_eabihelpers.a(memcpy.o)
                0x00003cdc                __aeabi_memcpy4
                0x00003cdc                __aeabi_memcpy8
                0x00003cdc                __aeabi_memcpy
 .text.__aeabi_memmove
                0x00003d08       0x1c C:/nxp/MCUXpressoIDE_24.9.25/ide/plugins/com.nxp.mcuxpresso.tools.win32_24.9.0.202407110857/tools/bin/../lib/gcc/arm-none-eabi/13.2.1/thumb/v6-m/nofp\libcr_eabihelpers.a(memcpy.o)
                0x00003d08                __aeabi_memmove
                0x00003d08                __aeabi_memmove4
                0x00003d08                __aeabi_memmove8
 .text.__aeabi_memset_lowlevel
                0x00003d24       0x2a C:/nxp/MCUXpressoIDE_24.9.25/ide/plugins/com.nxp.mcuxpresso.tools.win32_24.9.0.202407110857/tools/bin/../lib/gcc/arm-none-eabi/13.2.1/thumb/v6-m/nofp\libcr_eabihelpers.a(memcpy.o)
                0x00003d24                __aeabi_lowlevel_memset
 .text.__sys_close
                0x00003d4e        0x6 C:/nxp/MCUXpressoIDE_24.9.25/ide/plugins/com.nxp.mcuxpresso.tools.win32_24.9.0.202407110857/tools/bin/../lib/gcc/arm-none-eabi/13.2.1/../../../../arm-none-eabi/lib/thumb/v6-m/nofp\libcr_nohost_nf.a(__sys_close.o)
                0x00003d4e                __sys_close
 .text.__sys_flen
                0x00003d54        0x6 C:/nxp/MCUXpressoIDE_24.9.25/ide/plugins/com.nxp.mcuxpresso.tools.win32_24.9.0.202407110857/tools/bin/../lib/gcc/arm-none-eabi/13.2.1/../../../../arm-none-eabi/lib/thumb/v6-m/nofp\libcr_nohost_nf.a(__sys_flen.o)
                0x00003d54                __sys_flen
 .text.__sys_istty
                0x00003d5a        0x6 C:/nxp/MCUXpressoIDE_24.9.25/ide/plugins/com.nxp.mcuxpresso.tools.win32_24.9.0.202407110857/tools/bin/../lib/gcc/arm-none-eabi/13.2.1/../../../../arm-none-eabi/lib/thumb/v6-m/nofp\libcr_nohost_nf.a(__sys_istty.o)
                0x00003d5a                __sys_istty
 .text.__sys_remove
                0x00003d60        0x6 C:/nxp/MCUXpressoIDE_24.9.25/ide/plugins/com.nxp.mcuxpresso.tools.win32_24.9.0.202407110857/tools/bin/../lib/gcc/arm-none-eabi/13.2.1/../../../../arm-none-eabi/lib/thumb/v6-m/nofp\libcr_nohost_nf.a(__sys_remove.o)
                0x00003d60                __sys_remove
 .text.__sys_seek
                0x00003d66        0x6 C:/nxp/MCUXpressoIDE_24.9.25/ide/plugins/com.nxp.mcuxpresso.tools.win32_24.9.0.202407110857/tools/bin/../lib/gcc/arm-none-eabi/13.2.1/../../../../arm-none-eabi/lib/thumb/v6-m/nofp\libcr_nohost_nf.a(__sys_seek.o)
                0x00003d66                __sys_seek
 .text.__sys_tmpnam
                0x00003d6c        0x6 C:/nxp/MCUXpressoIDE_24.9.25/ide/plugins/com.nxp.mcuxpresso.tools.win32_24.9.0.202407110857/tools/bin/../lib/gcc/arm-none-eabi/13.2.1/../../../../arm-none-eabi/lib/thumb/v6-m/nofp\libcr_nohost_nf.a(__sys_tmpnam.o)
                0x00003d6c                __sys_tmpnam
 .text.__sys_write
                0x00003d72        0x4 C:/nxp/MCUXpressoIDE_24.9.25/ide/plugins/com.nxp.mcuxpresso.tools.win32_24.9.0.202407110857/tools/bin/../lib/gcc/arm-none-eabi/13.2.1/../../../../arm-none-eabi/lib/thumb/v6-m/nofp\libcr_nohost_nf.a(__sys_write.o)
                0x00003d72                __sys_write
 *(SORT_BY_ALIGNMENT(.rodata) SORT_BY_ALIGNMENT(.rodata.*) SORT_BY_ALIGNMENT(.constdata) SORT_BY_ALIGNMENT(.constdata.*))
 *fill*         0x00003d76        0x2 ff
 .rodata.__assertion_failed.str1.4
                0x00003d78      0xaea ./utilities/fsl_assert.o
                                 0x14 (size before relaxing)
 .rodata.Init_UART.str1.4
                0x00004862        0xf ./source/UART/uart.o
 .rodata.Handel_Srec.str1.4
                0x00004862       0x72 ./source/UART/uart.o
 .rodata.getNibble.str1.4
                0x00004862       0x23 ./source/SREC_LAYER/srec.o
 .rodata.parseLine.str1.4
                0x00004862      0x13c ./source/SREC_LAYER/srec.o
 *fill*         0x00004862        0x2 ff
 .rodata.parseLine
                0x00004864       0x28 ./source/SREC_LAYER/srec.o
 .rodata.deQueue.str1.4
                0x0000488c       0x20 ./source/QUEUE/user_queue.o
 .rodata        0x0000488c       0x64 ./source/QUEUE/user_queue.o
 .rodata.Flash_Erase.str1.4
                0x000048f0       0x26 ./source/FLASH/flash.o
 .rodata.Flash_EraseMultiSector.str1.4
                0x000048f0        0xf ./source/FLASH/flash.o
 .rodata.Flash_VerifyData.str1.4
                0x000048f0       0x63 ./source/FLASH/flash.o
 .rodata.JumpToApplication.str1.4
                0x000048f0       0x4c ./source/BOOT_LOADER/boot_loader.o
 .rodata.boot.str1.4
                0x000048f0       0x19 ./source/BOOT_LOADER/boot_loader.o
 .rodata.application.str1.4
                0x000048f0       0xd8 ./source/APPLICATION/app.o
 .rodata.CLOCK_GetCurSysClkConfig.str1.4
                0x000048f0       0x19 ./drivers/fsl_clock.o
 .rodata.CLOCK_GetErClkFreq.str1.4
                0x000048f0       0x1d ./drivers/fsl_clock.o
 .rodata.CLOCK_GetFreq
                0x000048f0       0x34 ./drivers/fsl_clock.o
 .rodata.CLOCK_GetIpFreq.str1.4
                0x00004924       0x2b ./drivers/fsl_clock.o
 .rodata.CLOCK_InitSysOsc.str1.4
                0x00004924       0x19 ./drivers/fsl_clock.o
 .rodata.CLOCK_GetSysOscFreq.str1.4
                0x00004924       0x1e ./drivers/fsl_clock.o
 .rodata.CLOCK_InitSirc.str1.4
                0x00004924       0x19 ./drivers/fsl_clock.o
 .rodata.CLOCK_InitFirc.str1.4
                0x00004924       0x19 ./drivers/fsl_clock.o
 .rodata.CLOCK_InitLpFll.str1.4
                0x00004924       0x19 ./drivers/fsl_clock.o
 .rodata.sircFreq.2
                0x00004924        0x8 ./drivers/fsl_clock.o
 .rodata.fircFreq.1
                0x0000492c        0x4 ./drivers/fsl_clock.o
 .rodata.lpfllFreq.0
                0x00004930        0x4 ./drivers/fsl_clock.o
 .rodata.CLOCK_EnableClock.str1.4
                0x00004934       0x50 ./drivers/fsl_lpuart.o
 .rodata.s_lpuartBases
                0x00004934        0xc ./drivers/fsl_lpuart.o
 .rodata.s_lpuartClock
                0x00004940        0xc ./drivers/fsl_lpuart.o
 .rodata.LPUART_GetInstance.str1.4
                0x0000494c       0x38 ./drivers/fsl_lpuart.o
 .rodata.LPUART_Init.str1.4
                0x0000494c      0x10a ./drivers/fsl_lpuart.o
 .rodata.LPUART_GetDefaultConfig.str1.4
                0x0000494c       0x22 ./drivers/fsl_lpuart.o
 .rodata.LPUART_WriteBlocking.str1.4
                0x0000494c       0x21 ./drivers/fsl_lpuart.o
 .rodata.s_LpuartAdapterBase
                0x0000494c        0xc ./component/uart/fsl_adapter_lpuart.o
 .rodata.HAL_UartInit.str1.4
                0x00004958      0x116 ./component/uart/fsl_adapter_lpuart.o
 .rodata.HAL_UartSendBlocking.str1.4
                0x00004958       0x7b ./component/uart/fsl_adapter_lpuart.o
 .rodata.CLOCK_SetIpSrc.str1.4
                0x00004958       0x85 ./board/board.o
 .rodata.CLOCK_SetIpSrc.str1.4
                0x00004958       0x85 ./board/clock_config.o
 .rodata.CLOCK_SetRunModeSysClkConfig.str1.4
                0x00004958       0x73 ./board/clock_config.o
 .rodata.CLOCK_GetCurSysClkConfig.str1.4
                0x00004958       0x73 ./board/clock_config.o
 .rodata        0x00004958        0x8 ./board/clock_config.o
 .rodata.g_sysClkConfig_BOARD_BootClockRUN
                0x00004960        0x4 ./board/clock_config.o
                0x00004960                g_sysClkConfig_BOARD_BootClockRUN
 .rodata.g_scgSysOscConfig_BOARD_BootClockRUN
                0x00004964        0xc ./board/clock_config.o
                0x00004964                g_scgSysOscConfig_BOARD_BootClockRUN
 .rodata.g_scgSircConfig_BOARD_BootClockRUN
                0x00004970        0x8 ./board/clock_config.o
                0x00004970                g_scgSircConfig_BOARD_BootClockRUN
 .rodata.g_scgFircConfig_BOARD_BootClockRUN
                0x00004978        0xc ./board/clock_config.o
                0x00004978                g_scgFircConfig_BOARD_BootClockRUN
 .rodata.g_scgLpFllConfig_BOARD_BootClockRUN
                0x00004984        0x8 ./board/clock_config.o
                0x00004984                g_scgLpFllConfig_BOARD_BootClockRUN
 .rodata.CLOCK_EnableClock.str1.4
                0x0000498c       0xaa ./board/pin_mux.o
 .rodata.PORT_SetPinConfig.str1.4
                0x0000498c       0x72 ./board/pin_mux.o
 .rodata.__num_Ciob_streams
                0x0000498c        0x4 C:/nxp/MCUXpressoIDE_24.9.25/ide/plugins/com.nxp.mcuxpresso.tools.win32_24.9.0.202407110857/tools/bin/../lib/gcc/arm-none-eabi/13.2.1/../../../../arm-none-eabi/lib/thumb/v6-m/nofp\libcr_nohost_nf.a(__ciob.o)
                0x0000498c                __num_Ciob_streams
 .rodata.__ctype
                0x00004990      0x180 C:/nxp/MCUXpressoIDE_24.9.25/ide/plugins/com.nxp.mcuxpresso.tools.win32_24.9.0.202407110857/tools/bin/../lib/gcc/arm-none-eabi/13.2.1/../../../../arm-none-eabi/lib/thumb/v6-m/nofp\libcr_c.a(ctype.o)
                0x00004990                __ctype
 .rodata._initio.str1.1
                0x00004b10        0x4 C:/nxp/MCUXpressoIDE_24.9.25/ide/plugins/com.nxp.mcuxpresso.tools.win32_24.9.0.202407110857/tools/bin/../lib/gcc/arm-none-eabi/13.2.1/../../../../arm-none-eabi/lib/thumb/v6-m/nofp\libcr_c.a(initio.o)
                0x00004b14                        . = ALIGN (0x4)

.glue_7         0x00004b14        0x0
 .glue_7        0x00004b14        0x0 linker stubs

.glue_7t        0x00004b14        0x0
 .glue_7t       0x00004b14        0x0 linker stubs

.vfp11_veneer   0x00004b14        0x0
 .vfp11_veneer  0x00004b14        0x0 linker stubs

.v4_bx          0x00004b14        0x0
 .v4_bx         0x00004b14        0x0 linker stubs

.iplt           0x00004b14        0x0
 .iplt          0x00004b14        0x0 ./utilities/fsl_assert.o

.rel.dyn        0x00004b14        0x0
 .rel.iplt      0x00004b14        0x0 ./utilities/fsl_assert.o

.ARM.extab
 *(SORT_BY_ALIGNMENT(.ARM.extab*) SORT_BY_ALIGNMENT(.gnu.linkonce.armextab.*))

.ARM.exidx      0x00004b14        0x0
                0x00004b14                        __exidx_start = .
 *(SORT_BY_ALIGNMENT(.ARM.exidx*) SORT_BY_ALIGNMENT(.gnu.linkonce.armexidx.*))
                0x00004b14                        __exidx_end = .
                0x00004b14                        _etext = .

.mtb_buffer_default
                0x1ffff800       0x80
 *(SORT_BY_ALIGNMENT(.mtb*))
 .mtb.$RAM1     0x1ffff800       0x80 ./source/mtb.o
                0x1ffff800                __mtb_buffer__

.uninit_RESERVED
                0x1ffff880        0x0
                0x1ffff880                        _start_uninit_RESERVED = .
 *(SORT_BY_ALIGNMENT(.bss.$RESERVED*))
                0x1ffff880                        . = ALIGN (0x4)
                0x1ffff880                        _end_uninit_RESERVED = .

.data           0x1ffff880        0x4 load address 0x00004b14
 FILL mask 0xff
                0x1ffff880                        _data = .
                [!provide]                        PROVIDE (__start_data_RAM = .)
                [!provide]                        PROVIDE (__start_data_SRAM = .)
 *(SORT_BY_ALIGNMENT(vtable))
 *(SORT_BY_ALIGNMENT(.ramfunc*))
 *(SORT_BY_ALIGNMENT(CodeQuickAccess))
 *(SORT_BY_ALIGNMENT(DataQuickAccess))
 *(SORT_BY_ALIGNMENT(RamFunction))
 *(SORT_BY_ALIGNMENT(.data*))
 .data.SystemCoreClock
                0x1ffff880        0x4 ./device/system_MKE16Z4.o
                0x1ffff880                SystemCoreClock
                0x1ffff884                        . = ALIGN (0x4)
                0x1ffff884                        _edata = .
                [!provide]                        PROVIDE (__end_data_RAM = .)
                [!provide]                        PROVIDE (__end_data_SRAM = .)

.igot.plt       0x1ffff884        0x0 load address 0x00004b18
 .igot.plt      0x1ffff884        0x0 ./utilities/fsl_assert.o

.bss            0x1ffff884      0x308
                0x1ffff884                        _bss = .
                [!provide]                        PROVIDE (__start_bss_RAM = .)
                [!provide]                        PROVIDE (__start_bss_SRAM = .)
 *(SORT_BY_ALIGNMENT(.bss*))
 .bss.s_debugConsoleState
                0x1ffff884       0x20 ./utilities/fsl_debug_console.o
 .bss.g_serialHandle
                0x1ffff8a4        0x4 ./utilities/fsl_debug_console.o
                0x1ffff8a4                g_serialHandle
 .bss.uartQueue
                0x1ffff8a8      0x196 ./source/UART/uart.o
                0x1ffff8a8                uartQueue
 *fill*         0x1ffffa3e        0x2 
 .bss.record.0  0x1ffffa40       0x64 ./source/UART/uart.o
 .bss.g_xtal0Freq
                0x1ffffaa4        0x4 ./drivers/fsl_clock.o
                0x1ffffaa4                g_xtal0Freq
 .bss.s_lpi2cMasterIsr
                0x1ffffaa8        0x4 ./drivers/fsl_lpi2c.o
                0x1ffffaa8                s_lpi2cMasterIsr
 .bss.s_lpi2cMasterHandle
                0x1ffffaac        0x4 ./drivers/fsl_lpi2c.o
                0x1ffffaac                s_lpi2cMasterHandle
 .bss.s_lpi2cSlaveIsr
                0x1ffffab0        0x4 ./drivers/fsl_lpi2c.o
 .bss.s_lpi2cSlaveHandle
                0x1ffffab4        0x4 ./drivers/fsl_lpi2c.o
 .bss.s_lpuartHandle
                0x1ffffab8        0xc ./drivers/fsl_lpuart.o
                0x1ffffab8                s_lpuartHandle
 .bss.s_lpuartIsr
                0x1ffffac4        0xc ./drivers/fsl_lpuart.o
                0x1ffffac4                s_lpuartIsr
 .bss.errno     0x1ffffad0        0x4 C:/nxp/MCUXpressoIDE_24.9.25/ide/plugins/com.nxp.mcuxpresso.tools.win32_24.9.0.202407110857/tools/bin/../lib/gcc/arm-none-eabi/13.2.1/../../../../arm-none-eabi/lib/thumb/v6-m/nofp\libcr_c.a(errno.o)
                0x1ffffad0                errno
 .bss.__Ciob    0x1ffffad4       0xb4 C:/nxp/MCUXpressoIDE_24.9.25/ide/plugins/com.nxp.mcuxpresso.tools.win32_24.9.0.202407110857/tools/bin/../lib/gcc/arm-none-eabi/13.2.1/../../../../arm-none-eabi/lib/thumb/v6-m/nofp\libcr_nohost_nf.a(__ciob.o)
                0x1ffffad4                __Ciob
 .bss.s_debugConsoleReadWaitSemaphore
                0x1ffffb88        0x1 ./utilities/fsl_debug_console.o
 .bss.status    0x1ffffb89        0x1 ./source/UART/uart.o
                0x1ffffb89                status
 .bss.index.1   0x1ffffb8a        0x1 ./source/UART/uart.o
 *(SORT_BY_ALIGNMENT(COMMON))
                0x1ffffb8c                        . = ALIGN (0x4)
 *fill*         0x1ffffb8b        0x1 
                0x1ffffb8c                        _ebss = .
                [!provide]                        PROVIDE (__end_bss_RAM = .)
                [!provide]                        PROVIDE (__end_bss_SRAM = .)
                [!provide]                        PROVIDE (end = .)

.noinit         0x1ffffb8c        0x0
                0x1ffffb8c                        _noinit = .
                [!provide]                        PROVIDE (__start_noinit_RAM = .)
                [!provide]                        PROVIDE (__start_noinit_SRAM = .)
 *(SORT_BY_ALIGNMENT(.noinit*))
                0x1ffffb8c                        . = ALIGN (0x4)
                0x1ffffb8c                        _end_noinit = .
                [!provide]                        PROVIDE (__end_noinit_RAM = .)
                [!provide]                        PROVIDE (__end_noinit_SRAM = .)
                0x00000200                        _HeapSize = 0x200

.heap           0x1ffffb8c      0x200
                0x1ffffb8c                        _pvHeapStart = .
                0x1ffffd8c                        . = (. + _HeapSize)
 *fill*         0x1ffffb8c      0x200 
                0x1ffffd8c                        . = ALIGN (0x4)
                0x1ffffd8c                        _pvHeapLimit = .
                0x00000200                        _StackSize = 0x200

.heap2stackfill
                0x1ffffd8c      0x200
                0x1fffff8c                        . = (. + _StackSize)
 *fill*         0x1ffffd8c      0x200 

.stack          0x20001600        0x0
                0x20001600                        _vStackBase = .
                0x20001600                        . = ALIGN (0x4)
                0x20001800                        _vStackTop = (. + _StackSize)
                0x00000000                        _image_start = LOADADDR (.text)
                0x00004b18                        _image_end = (LOADADDR (.data) + SIZEOF (.data))
                0x00004b18                        _image_size = (_image_end - _image_start)
OUTPUT(DatPV18_MOOC_BOOT_LOADER.axf elf32-littlearm)
LOAD linker stubs

.debug_info     0x00000000    0x10dc2
 .debug_info    0x00000000      0x127 ./utilities/fsl_assert.o
 .debug_info    0x00000127      0xe22 ./utilities/fsl_debug_console.o
 .debug_info    0x00000f49      0xd5e ./utilities/fsl_str.o
 .debug_info    0x00001ca7      0x688 ./startup/startup_mke16z4.o
 .debug_info    0x0000232f      0xed0 ./source/UART/uart.o
 .debug_info    0x000031ff      0x304 ./source/SREC_LAYER/srec.o
 .debug_info    0x00003503      0x2c8 ./source/QUEUE/user_queue.o
 .debug_info    0x000037cb      0x420 ./source/FLASH/flash.o
 .debug_info    0x00003beb      0x262 ./source/BOOT_LOADER/boot_loader.o
 .debug_info    0x00003e4d      0x1c5 ./source/APPLICATION/app.o
 .debug_info    0x00004012       0x4f ./source/DatPV18_MOOC_BOOT_LOADER.o
 .debug_info    0x00004061       0x53 ./source/mtb.o
 .debug_info    0x000040b4       0x3c ./source/semihost_hardfault.o
 .debug_info    0x000040f0     0x13b2 ./drivers/fsl_clock.o
 .debug_info    0x000054a2     0x2849 ./drivers/fsl_lpi2c.o
 .debug_info    0x00007ceb     0x20a8 ./drivers/fsl_lpuart.o
 .debug_info    0x00009d93      0x383 ./device/system_MKE16Z4.o
 .debug_info    0x0000a116      0xbf7 ./component/uart/fsl_adapter_lpuart.o
 .debug_info    0x0000ad0d      0xd8e ./component/serial_manager/fsl_component_serial_manager.o
 .debug_info    0x0000ba9b      0x54a ./component/serial_manager/fsl_component_serial_port_uart.o
 .debug_info    0x0000bfe5      0x2fc ./board/board.o
 .debug_info    0x0000c2e1     0x124c ./board/clock_config.o
 .debug_info    0x0000d52d       0x94 ./board/peripherals.o
 .debug_info    0x0000d5c1      0x92b ./board/pin_mux.o
 .debug_info    0x0000deec       0x85 C:/nxp/MCUXpressoIDE_24.9.25/ide/plugins/com.nxp.mcuxpresso.tools.win32_24.9.0.202407110857/tools/bin/../lib/gcc/arm-none-eabi/13.2.1/../../../../arm-none-eabi/lib/thumb/v6-m/nofp\libcr_nohost_nf.a(_cr__main.o)
 .debug_info    0x0000df71      0x12b C:/nxp/MCUXpressoIDE_24.9.25/ide/plugins/com.nxp.mcuxpresso.tools.win32_24.9.0.202407110857/tools/bin/../lib/gcc/arm-none-eabi/13.2.1/../../../../arm-none-eabi/lib/thumb/v6-m/nofp\libcr_c.a(memcpy.o)
 .debug_info    0x0000e09c      0x12b C:/nxp/MCUXpressoIDE_24.9.25/ide/plugins/com.nxp.mcuxpresso.tools.win32_24.9.0.202407110857/tools/bin/../lib/gcc/arm-none-eabi/13.2.1/../../../../arm-none-eabi/lib/thumb/v6-m/nofp\libcr_c.a(memmove.o)
 .debug_info    0x0000e1c7       0xfc C:/nxp/MCUXpressoIDE_24.9.25/ide/plugins/com.nxp.mcuxpresso.tools.win32_24.9.0.202407110857/tools/bin/../lib/gcc/arm-none-eabi/13.2.1/../../../../arm-none-eabi/lib/thumb/v6-m/nofp\libcr_c.a(memset.o)
 .debug_info    0x0000e2c3      0x526 C:/nxp/MCUXpressoIDE_24.9.25/ide/plugins/com.nxp.mcuxpresso.tools.win32_24.9.0.202407110857/tools/bin/../lib/gcc/arm-none-eabi/13.2.1/../../../../arm-none-eabi/lib/thumb/v6-m/nofp\libcr_c.a(alloc.o)
 .debug_info    0x0000e7e9      0x2f8 C:/nxp/MCUXpressoIDE_24.9.25/ide/plugins/com.nxp.mcuxpresso.tools.win32_24.9.0.202407110857/tools/bin/../lib/gcc/arm-none-eabi/13.2.1/../../../../arm-none-eabi/lib/thumb/v6-m/nofp\libcr_c.a(ctype.o)
 .debug_info    0x0000eae1       0x44 C:/nxp/MCUXpressoIDE_24.9.25/ide/plugins/com.nxp.mcuxpresso.tools.win32_24.9.0.202407110857/tools/bin/../lib/gcc/arm-none-eabi/13.2.1/../../../../arm-none-eabi/lib/thumb/v6-m/nofp\libcr_c.a(errno.o)
 .debug_info    0x0000eb25      0x353 C:/nxp/MCUXpressoIDE_24.9.25/ide/plugins/com.nxp.mcuxpresso.tools.win32_24.9.0.202407110857/tools/bin/../lib/gcc/arm-none-eabi/13.2.1/../../../../arm-none-eabi/lib/thumb/v6-m/nofp\libcr_c.a(initio.o)
 .debug_info    0x0000ee78      0x1fd C:/nxp/MCUXpressoIDE_24.9.25/ide/plugins/com.nxp.mcuxpresso.tools.win32_24.9.0.202407110857/tools/bin/../lib/gcc/arm-none-eabi/13.2.1/../../../../arm-none-eabi/lib/thumb/v6-m/nofp\libcr_c.a(setvbuf.o)
 .debug_info    0x0000f075       0xdd C:/nxp/MCUXpressoIDE_24.9.25/ide/plugins/com.nxp.mcuxpresso.tools.win32_24.9.0.202407110857/tools/bin/../lib/gcc/arm-none-eabi/13.2.1/../../../../arm-none-eabi/lib/thumb/v6-m/nofp\libcr_c.a(strlen.o)
 .debug_info    0x0000f152      0x364 C:/nxp/MCUXpressoIDE_24.9.25/ide/plugins/com.nxp.mcuxpresso.tools.win32_24.9.0.202407110857/tools/bin/../lib/gcc/arm-none-eabi/13.2.1/../../../../arm-none-eabi/lib/thumb/v6-m/nofp\libcr_c.a(_deferredlazyseek.o)
 .debug_info    0x0000f4b6      0x24b C:/nxp/MCUXpressoIDE_24.9.25/ide/plugins/com.nxp.mcuxpresso.tools.win32_24.9.0.202407110857/tools/bin/../lib/gcc/arm-none-eabi/13.2.1/../../../../arm-none-eabi/lib/thumb/v6-m/nofp\libcr_c.a(_fdopen.o)
 .debug_info    0x0000f701      0x1ea C:/nxp/MCUXpressoIDE_24.9.25/ide/plugins/com.nxp.mcuxpresso.tools.win32_24.9.0.202407110857/tools/bin/../lib/gcc/arm-none-eabi/13.2.1/../../../../arm-none-eabi/lib/thumb/v6-m/nofp\libcr_c.a(_fflush.o)
 .debug_info    0x0000f8eb      0x28a C:/nxp/MCUXpressoIDE_24.9.25/ide/plugins/com.nxp.mcuxpresso.tools.win32_24.9.0.202407110857/tools/bin/../lib/gcc/arm-none-eabi/13.2.1/../../../../arm-none-eabi/lib/thumb/v6-m/nofp\libcr_c.a(_writebuf.o)
 .debug_info    0x0000fb75      0x325 C:/nxp/MCUXpressoIDE_24.9.25/ide/plugins/com.nxp.mcuxpresso.tools.win32_24.9.0.202407110857/tools/bin/../lib/gcc/arm-none-eabi/13.2.1/../../../../arm-none-eabi/lib/thumb/v6-m/nofp\libcr_c.a(fclose.o)
 .debug_info    0x0000fe9a      0x210 C:/nxp/MCUXpressoIDE_24.9.25/ide/plugins/com.nxp.mcuxpresso.tools.win32_24.9.0.202407110857/tools/bin/../lib/gcc/arm-none-eabi/13.2.1/../../../../arm-none-eabi/lib/thumb/v6-m/nofp\libcr_c.a(fflush.o)
 .debug_info    0x000100aa      0x27f C:/nxp/MCUXpressoIDE_24.9.25/ide/plugins/com.nxp.mcuxpresso.tools.win32_24.9.0.202407110857/tools/bin/../lib/gcc/arm-none-eabi/13.2.1/../../../../arm-none-eabi/lib/thumb/v6-m/nofp\libcr_c.a(fseek.o)
 .debug_info    0x00010329      0x197 C:/nxp/MCUXpressoIDE_24.9.25/ide/plugins/com.nxp.mcuxpresso.tools.win32_24.9.0.202407110857/tools/bin/../lib/gcc/arm-none-eabi/13.2.1/../../../../arm-none-eabi/lib/thumb/v6-m/nofp\libcr_c.a(ftell.o)
 .debug_info    0x000104c0      0x1d0 C:/nxp/MCUXpressoIDE_24.9.25/ide/plugins/com.nxp.mcuxpresso.tools.win32_24.9.0.202407110857/tools/bin/../lib/gcc/arm-none-eabi/13.2.1/../../../../arm-none-eabi/lib/thumb/v6-m/nofp\libcr_c.a(remove.o)
 .debug_info    0x00010690      0x241 C:/nxp/MCUXpressoIDE_24.9.25/ide/plugins/com.nxp.mcuxpresso.tools.win32_24.9.0.202407110857/tools/bin/../lib/gcc/arm-none-eabi/13.2.1/../../../../arm-none-eabi/lib/thumb/v6-m/nofp\libcr_c.a(_do_fflush.o)
 .debug_info    0x000108d1      0x18b C:/nxp/MCUXpressoIDE_24.9.25/ide/plugins/com.nxp.mcuxpresso.tools.win32_24.9.0.202407110857/tools/bin/../lib/gcc/arm-none-eabi/13.2.1/../../../../arm-none-eabi/lib/thumb/v6-m/nofp\libcr_nohost_nf.a(__ciob.o)
 .debug_info    0x00010a5c       0x6a C:/nxp/MCUXpressoIDE_24.9.25/ide/plugins/com.nxp.mcuxpresso.tools.win32_24.9.0.202407110857/tools/bin/../lib/gcc/arm-none-eabi/13.2.1/../../../../arm-none-eabi/lib/thumb/v6-m/nofp\libcr_nohost_nf.a(__sys_close.o)
 .debug_info    0x00010ac6       0x6a C:/nxp/MCUXpressoIDE_24.9.25/ide/plugins/com.nxp.mcuxpresso.tools.win32_24.9.0.202407110857/tools/bin/../lib/gcc/arm-none-eabi/13.2.1/../../../../arm-none-eabi/lib/thumb/v6-m/nofp\libcr_nohost_nf.a(__sys_flen.o)
 .debug_info    0x00010b30       0x6a C:/nxp/MCUXpressoIDE_24.9.25/ide/plugins/com.nxp.mcuxpresso.tools.win32_24.9.0.202407110857/tools/bin/../lib/gcc/arm-none-eabi/13.2.1/../../../../arm-none-eabi/lib/thumb/v6-m/nofp\libcr_nohost_nf.a(__sys_istty.o)
 .debug_info    0x00010b9a       0x8a C:/nxp/MCUXpressoIDE_24.9.25/ide/plugins/com.nxp.mcuxpresso.tools.win32_24.9.0.202407110857/tools/bin/../lib/gcc/arm-none-eabi/13.2.1/../../../../arm-none-eabi/lib/thumb/v6-m/nofp\libcr_nohost_nf.a(__sys_remove.o)
 .debug_info    0x00010c24       0x78 C:/nxp/MCUXpressoIDE_24.9.25/ide/plugins/com.nxp.mcuxpresso.tools.win32_24.9.0.202407110857/tools/bin/../lib/gcc/arm-none-eabi/13.2.1/../../../../arm-none-eabi/lib/thumb/v6-m/nofp\libcr_nohost_nf.a(__sys_seek.o)
 .debug_info    0x00010c9c       0x93 C:/nxp/MCUXpressoIDE_24.9.25/ide/plugins/com.nxp.mcuxpresso.tools.win32_24.9.0.202407110857/tools/bin/../lib/gcc/arm-none-eabi/13.2.1/../../../../arm-none-eabi/lib/thumb/v6-m/nofp\libcr_nohost_nf.a(__sys_tmpnam.o)
 .debug_info    0x00010d2f       0x93 C:/nxp/MCUXpressoIDE_24.9.25/ide/plugins/com.nxp.mcuxpresso.tools.win32_24.9.0.202407110857/tools/bin/../lib/gcc/arm-none-eabi/13.2.1/../../../../arm-none-eabi/lib/thumb/v6-m/nofp\libcr_nohost_nf.a(__sys_write.o)

.debug_abbrev   0x00000000     0x42ba
 .debug_abbrev  0x00000000       0xbd ./utilities/fsl_assert.o
 .debug_abbrev  0x000000bd      0x270 ./utilities/fsl_debug_console.o
 .debug_abbrev  0x0000032d      0x270 ./utilities/fsl_str.o
 .debug_abbrev  0x0000059d      0x1a7 ./startup/startup_mke16z4.o
 .debug_abbrev  0x00000744      0x2d1 ./source/UART/uart.o
 .debug_abbrev  0x00000a15      0x14a ./source/SREC_LAYER/srec.o
 .debug_abbrev  0x00000b5f      0x19e ./source/QUEUE/user_queue.o
 .debug_abbrev  0x00000cfd      0x191 ./source/FLASH/flash.o
 .debug_abbrev  0x00000e8e      0x1c0 ./source/BOOT_LOADER/boot_loader.o
 .debug_abbrev  0x0000104e      0x154 ./source/APPLICATION/app.o
 .debug_abbrev  0x000011a2       0x51 ./source/DatPV18_MOOC_BOOT_LOADER.o
 .debug_abbrev  0x000011f3       0x46 ./source/mtb.o
 .debug_abbrev  0x00001239       0x31 ./source/semihost_hardfault.o
 .debug_abbrev  0x0000126a      0x2ab ./drivers/fsl_clock.o
 .debug_abbrev  0x00001515      0x390 ./drivers/fsl_lpi2c.o
 .debug_abbrev  0x000018a5      0x40a ./drivers/fsl_lpuart.o
 .debug_abbrev  0x00001caf      0x148 ./device/system_MKE16Z4.o
 .debug_abbrev  0x00001df7      0x1e7 ./component/uart/fsl_adapter_lpuart.o
 .debug_abbrev  0x00001fde      0x2bb ./component/serial_manager/fsl_component_serial_manager.o
 .debug_abbrev  0x00002299      0x18c ./component/serial_manager/fsl_component_serial_port_uart.o
 .debug_abbrev  0x00002425      0x155 ./board/board.o
 .debug_abbrev  0x0000257a      0x348 ./board/clock_config.o
 .debug_abbrev  0x000028c2       0x61 ./board/peripherals.o
 .debug_abbrev  0x00002923      0x25a ./board/pin_mux.o
 .debug_abbrev  0x00002b7d       0x62 C:/nxp/MCUXpressoIDE_24.9.25/ide/plugins/com.nxp.mcuxpresso.tools.win32_24.9.0.202407110857/tools/bin/../lib/gcc/arm-none-eabi/13.2.1/../../../../arm-none-eabi/lib/thumb/v6-m/nofp\libcr_nohost_nf.a(_cr__main.o)
 .debug_abbrev  0x00002bdf       0xb3 C:/nxp/MCUXpressoIDE_24.9.25/ide/plugins/com.nxp.mcuxpresso.tools.win32_24.9.0.202407110857/tools/bin/../lib/gcc/arm-none-eabi/13.2.1/../../../../arm-none-eabi/lib/thumb/v6-m/nofp\libcr_c.a(memcpy.o)
 .debug_abbrev  0x00002c92       0xb3 C:/nxp/MCUXpressoIDE_24.9.25/ide/plugins/com.nxp.mcuxpresso.tools.win32_24.9.0.202407110857/tools/bin/../lib/gcc/arm-none-eabi/13.2.1/../../../../arm-none-eabi/lib/thumb/v6-m/nofp\libcr_c.a(memmove.o)
 .debug_abbrev  0x00002d45       0xa5 C:/nxp/MCUXpressoIDE_24.9.25/ide/plugins/com.nxp.mcuxpresso.tools.win32_24.9.0.202407110857/tools/bin/../lib/gcc/arm-none-eabi/13.2.1/../../../../arm-none-eabi/lib/thumb/v6-m/nofp\libcr_c.a(memset.o)
 .debug_abbrev  0x00002dea      0x27b C:/nxp/MCUXpressoIDE_24.9.25/ide/plugins/com.nxp.mcuxpresso.tools.win32_24.9.0.202407110857/tools/bin/../lib/gcc/arm-none-eabi/13.2.1/../../../../arm-none-eabi/lib/thumb/v6-m/nofp\libcr_c.a(alloc.o)
 .debug_abbrev  0x00003065       0xba C:/nxp/MCUXpressoIDE_24.9.25/ide/plugins/com.nxp.mcuxpresso.tools.win32_24.9.0.202407110857/tools/bin/../lib/gcc/arm-none-eabi/13.2.1/../../../../arm-none-eabi/lib/thumb/v6-m/nofp\libcr_c.a(ctype.o)
 .debug_abbrev  0x0000311f       0x44 C:/nxp/MCUXpressoIDE_24.9.25/ide/plugins/com.nxp.mcuxpresso.tools.win32_24.9.0.202407110857/tools/bin/../lib/gcc/arm-none-eabi/13.2.1/../../../../arm-none-eabi/lib/thumb/v6-m/nofp\libcr_c.a(errno.o)
 .debug_abbrev  0x00003163      0x14b C:/nxp/MCUXpressoIDE_24.9.25/ide/plugins/com.nxp.mcuxpresso.tools.win32_24.9.0.202407110857/tools/bin/../lib/gcc/arm-none-eabi/13.2.1/../../../../arm-none-eabi/lib/thumb/v6-m/nofp\libcr_c.a(initio.o)
 .debug_abbrev  0x000032ae       0xe1 C:/nxp/MCUXpressoIDE_24.9.25/ide/plugins/com.nxp.mcuxpresso.tools.win32_24.9.0.202407110857/tools/bin/../lib/gcc/arm-none-eabi/13.2.1/../../../../arm-none-eabi/lib/thumb/v6-m/nofp\libcr_c.a(setvbuf.o)
 .debug_abbrev  0x0000338f       0xa5 C:/nxp/MCUXpressoIDE_24.9.25/ide/plugins/com.nxp.mcuxpresso.tools.win32_24.9.0.202407110857/tools/bin/../lib/gcc/arm-none-eabi/13.2.1/../../../../arm-none-eabi/lib/thumb/v6-m/nofp\libcr_c.a(strlen.o)
 .debug_abbrev  0x00003434      0x147 C:/nxp/MCUXpressoIDE_24.9.25/ide/plugins/com.nxp.mcuxpresso.tools.win32_24.9.0.202407110857/tools/bin/../lib/gcc/arm-none-eabi/13.2.1/../../../../arm-none-eabi/lib/thumb/v6-m/nofp\libcr_c.a(_deferredlazyseek.o)
 .debug_abbrev  0x0000357b      0x119 C:/nxp/MCUXpressoIDE_24.9.25/ide/plugins/com.nxp.mcuxpresso.tools.win32_24.9.0.202407110857/tools/bin/../lib/gcc/arm-none-eabi/13.2.1/../../../../arm-none-eabi/lib/thumb/v6-m/nofp\libcr_c.a(_fdopen.o)
 .debug_abbrev  0x00003694       0xf1 C:/nxp/MCUXpressoIDE_24.9.25/ide/plugins/com.nxp.mcuxpresso.tools.win32_24.9.0.202407110857/tools/bin/../lib/gcc/arm-none-eabi/13.2.1/../../../../arm-none-eabi/lib/thumb/v6-m/nofp\libcr_c.a(_fflush.o)
 .debug_abbrev  0x00003785      0x126 C:/nxp/MCUXpressoIDE_24.9.25/ide/plugins/com.nxp.mcuxpresso.tools.win32_24.9.0.202407110857/tools/bin/../lib/gcc/arm-none-eabi/13.2.1/../../../../arm-none-eabi/lib/thumb/v6-m/nofp\libcr_c.a(_writebuf.o)
 .debug_abbrev  0x000038ab      0x158 C:/nxp/MCUXpressoIDE_24.9.25/ide/plugins/com.nxp.mcuxpresso.tools.win32_24.9.0.202407110857/tools/bin/../lib/gcc/arm-none-eabi/13.2.1/../../../../arm-none-eabi/lib/thumb/v6-m/nofp\libcr_c.a(fclose.o)
 .debug_abbrev  0x00003a03      0x122 C:/nxp/MCUXpressoIDE_24.9.25/ide/plugins/com.nxp.mcuxpresso.tools.win32_24.9.0.202407110857/tools/bin/../lib/gcc/arm-none-eabi/13.2.1/../../../../arm-none-eabi/lib/thumb/v6-m/nofp\libcr_c.a(fflush.o)
 .debug_abbrev  0x00003b25      0x11b C:/nxp/MCUXpressoIDE_24.9.25/ide/plugins/com.nxp.mcuxpresso.tools.win32_24.9.0.202407110857/tools/bin/../lib/gcc/arm-none-eabi/13.2.1/../../../../arm-none-eabi/lib/thumb/v6-m/nofp\libcr_c.a(fseek.o)
 .debug_abbrev  0x00003c40       0xc2 C:/nxp/MCUXpressoIDE_24.9.25/ide/plugins/com.nxp.mcuxpresso.tools.win32_24.9.0.202407110857/tools/bin/../lib/gcc/arm-none-eabi/13.2.1/../../../../arm-none-eabi/lib/thumb/v6-m/nofp\libcr_c.a(ftell.o)
 .debug_abbrev  0x00003d02       0xed C:/nxp/MCUXpressoIDE_24.9.25/ide/plugins/com.nxp.mcuxpresso.tools.win32_24.9.0.202407110857/tools/bin/../lib/gcc/arm-none-eabi/13.2.1/../../../../arm-none-eabi/lib/thumb/v6-m/nofp\libcr_c.a(remove.o)
 .debug_abbrev  0x00003def      0x12c C:/nxp/MCUXpressoIDE_24.9.25/ide/plugins/com.nxp.mcuxpresso.tools.win32_24.9.0.202407110857/tools/bin/../lib/gcc/arm-none-eabi/13.2.1/../../../../arm-none-eabi/lib/thumb/v6-m/nofp\libcr_c.a(_do_fflush.o)
 .debug_abbrev  0x00003f1b       0xb5 C:/nxp/MCUXpressoIDE_24.9.25/ide/plugins/com.nxp.mcuxpresso.tools.win32_24.9.0.202407110857/tools/bin/../lib/gcc/arm-none-eabi/13.2.1/../../../../arm-none-eabi/lib/thumb/v6-m/nofp\libcr_nohost_nf.a(__ciob.o)
 .debug_abbrev  0x00003fd0       0x5c C:/nxp/MCUXpressoIDE_24.9.25/ide/plugins/com.nxp.mcuxpresso.tools.win32_24.9.0.202407110857/tools/bin/../lib/gcc/arm-none-eabi/13.2.1/../../../../arm-none-eabi/lib/thumb/v6-m/nofp\libcr_nohost_nf.a(__sys_close.o)
 .debug_abbrev  0x0000402c       0x5c C:/nxp/MCUXpressoIDE_24.9.25/ide/plugins/com.nxp.mcuxpresso.tools.win32_24.9.0.202407110857/tools/bin/../lib/gcc/arm-none-eabi/13.2.1/../../../../arm-none-eabi/lib/thumb/v6-m/nofp\libcr_nohost_nf.a(__sys_flen.o)
 .debug_abbrev  0x00004088       0x5c C:/nxp/MCUXpressoIDE_24.9.25/ide/plugins/com.nxp.mcuxpresso.tools.win32_24.9.0.202407110857/tools/bin/../lib/gcc/arm-none-eabi/13.2.1/../../../../arm-none-eabi/lib/thumb/v6-m/nofp\libcr_nohost_nf.a(__sys_istty.o)
 .debug_abbrev  0x000040e4       0x7d C:/nxp/MCUXpressoIDE_24.9.25/ide/plugins/com.nxp.mcuxpresso.tools.win32_24.9.0.202407110857/tools/bin/../lib/gcc/arm-none-eabi/13.2.1/../../../../arm-none-eabi/lib/thumb/v6-m/nofp\libcr_nohost_nf.a(__sys_remove.o)
 .debug_abbrev  0x00004161       0x6d C:/nxp/MCUXpressoIDE_24.9.25/ide/plugins/com.nxp.mcuxpresso.tools.win32_24.9.0.202407110857/tools/bin/../lib/gcc/arm-none-eabi/13.2.1/../../../../arm-none-eabi/lib/thumb/v6-m/nofp\libcr_nohost_nf.a(__sys_seek.o)
 .debug_abbrev  0x000041ce       0x76 C:/nxp/MCUXpressoIDE_24.9.25/ide/plugins/com.nxp.mcuxpresso.tools.win32_24.9.0.202407110857/tools/bin/../lib/gcc/arm-none-eabi/13.2.1/../../../../arm-none-eabi/lib/thumb/v6-m/nofp\libcr_nohost_nf.a(__sys_tmpnam.o)
 .debug_abbrev  0x00004244       0x76 C:/nxp/MCUXpressoIDE_24.9.25/ide/plugins/com.nxp.mcuxpresso.tools.win32_24.9.0.202407110857/tools/bin/../lib/gcc/arm-none-eabi/13.2.1/../../../../arm-none-eabi/lib/thumb/v6-m/nofp\libcr_nohost_nf.a(__sys_write.o)

.debug_aranges  0x00000000     0x1018
 .debug_aranges
                0x00000000       0x28 ./utilities/fsl_assert.o
 .debug_aranges
                0x00000028       0xa8 ./utilities/fsl_debug_console.o
 .debug_aranges
                0x000000d0       0xe8 ./utilities/fsl_str.o
 .debug_aranges
                0x000001b8      0x160 ./startup/startup_mke16z4.o
 .debug_aranges
                0x00000318       0x50 ./source/UART/uart.o
 .debug_aranges
                0x00000368       0x38 ./source/SREC_LAYER/srec.o
 .debug_aranges
                0x000003a0       0x58 ./source/QUEUE/user_queue.o
 .debug_aranges
                0x000003f8       0x50 ./source/FLASH/flash.o
 .debug_aranges
                0x00000448       0x28 ./source/BOOT_LOADER/boot_loader.o
 .debug_aranges
                0x00000470       0x30 ./source/APPLICATION/app.o
 .debug_aranges
                0x000004a0       0x20 ./source/DatPV18_MOOC_BOOT_LOADER.o
 .debug_aranges
                0x000004c0       0x18 ./source/mtb.o
 .debug_aranges
                0x000004d8       0x20 ./source/semihost_hardfault.o
 .debug_aranges
                0x000004f8       0xd8 ./drivers/fsl_clock.o
 .debug_aranges
                0x000005d0      0x1f0 ./drivers/fsl_lpi2c.o
 .debug_aranges
                0x000007c0      0x190 ./drivers/fsl_lpuart.o
 .debug_aranges
                0x00000950       0x30 ./device/system_MKE16Z4.o
 .debug_aranges
                0x00000980       0x58 ./component/uart/fsl_adapter_lpuart.o
 .debug_aranges
                0x000009d8       0xa0 ./component/serial_manager/fsl_component_serial_manager.o
 .debug_aranges
                0x00000a78       0x48 ./component/serial_manager/fsl_component_serial_port_uart.o
 .debug_aranges
                0x00000ac0       0x28 ./board/board.o
 .debug_aranges
                0x00000ae8       0x70 ./board/clock_config.o
 .debug_aranges
                0x00000b58       0x28 ./board/peripherals.o
 .debug_aranges
                0x00000b80       0x90 ./board/pin_mux.o
 .debug_aranges
                0x00000c10       0x20 C:/nxp/MCUXpressoIDE_24.9.25/ide/plugins/com.nxp.mcuxpresso.tools.win32_24.9.0.202407110857/tools/bin/../lib/gcc/arm-none-eabi/13.2.1/../../../../arm-none-eabi/lib/thumb/v6-m/nofp\libcr_nohost_nf.a(_cr__main.o)
 .debug_aranges
                0x00000c30       0x20 C:/nxp/MCUXpressoIDE_24.9.25/ide/plugins/com.nxp.mcuxpresso.tools.win32_24.9.0.202407110857/tools/bin/../lib/gcc/arm-none-eabi/13.2.1/../../../../arm-none-eabi/lib/thumb/v6-m/nofp\libcr_c.a(memcpy.o)
 .debug_aranges
                0x00000c50       0x20 C:/nxp/MCUXpressoIDE_24.9.25/ide/plugins/com.nxp.mcuxpresso.tools.win32_24.9.0.202407110857/tools/bin/../lib/gcc/arm-none-eabi/13.2.1/../../../../arm-none-eabi/lib/thumb/v6-m/nofp\libcr_c.a(memmove.o)
 .debug_aranges
                0x00000c70       0x20 C:/nxp/MCUXpressoIDE_24.9.25/ide/plugins/com.nxp.mcuxpresso.tools.win32_24.9.0.202407110857/tools/bin/../lib/gcc/arm-none-eabi/13.2.1/../../../../arm-none-eabi/lib/thumb/v6-m/nofp\libcr_c.a(memset.o)
 .debug_aranges
                0x00000c90       0x40 C:/nxp/MCUXpressoIDE_24.9.25/ide/plugins/com.nxp.mcuxpresso.tools.win32_24.9.0.202407110857/tools/bin/../lib/gcc/arm-none-eabi/13.2.1/../../../../arm-none-eabi/lib/thumb/v6-m/nofp\libcr_c.a(alloc.o)
 .debug_aranges
                0x00000cd0       0x80 C:/nxp/MCUXpressoIDE_24.9.25/ide/plugins/com.nxp.mcuxpresso.tools.win32_24.9.0.202407110857/tools/bin/../lib/gcc/arm-none-eabi/13.2.1/../../../../arm-none-eabi/lib/thumb/v6-m/nofp\libcr_c.a(ctype.o)
 .debug_aranges
                0x00000d50       0x18 C:/nxp/MCUXpressoIDE_24.9.25/ide/plugins/com.nxp.mcuxpresso.tools.win32_24.9.0.202407110857/tools/bin/../lib/gcc/arm-none-eabi/13.2.1/../../../../arm-none-eabi/lib/thumb/v6-m/nofp\libcr_c.a(errno.o)
 .debug_aranges
                0x00000d68       0x28 C:/nxp/MCUXpressoIDE_24.9.25/ide/plugins/com.nxp.mcuxpresso.tools.win32_24.9.0.202407110857/tools/bin/../lib/gcc/arm-none-eabi/13.2.1/../../../../arm-none-eabi/lib/thumb/v6-m/nofp\libcr_c.a(initio.o)
 .debug_aranges
                0x00000d90       0x20 C:/nxp/MCUXpressoIDE_24.9.25/ide/plugins/com.nxp.mcuxpresso.tools.win32_24.9.0.202407110857/tools/bin/../lib/gcc/arm-none-eabi/13.2.1/../../../../arm-none-eabi/lib/thumb/v6-m/nofp\libcr_c.a(setvbuf.o)
 .debug_aranges
                0x00000db0       0x20 C:/nxp/MCUXpressoIDE_24.9.25/ide/plugins/com.nxp.mcuxpresso.tools.win32_24.9.0.202407110857/tools/bin/../lib/gcc/arm-none-eabi/13.2.1/../../../../arm-none-eabi/lib/thumb/v6-m/nofp\libcr_c.a(strlen.o)
 .debug_aranges
                0x00000dd0       0x28 C:/nxp/MCUXpressoIDE_24.9.25/ide/plugins/com.nxp.mcuxpresso.tools.win32_24.9.0.202407110857/tools/bin/../lib/gcc/arm-none-eabi/13.2.1/../../../../arm-none-eabi/lib/thumb/v6-m/nofp\libcr_c.a(_deferredlazyseek.o)
 .debug_aranges
                0x00000df8       0x20 C:/nxp/MCUXpressoIDE_24.9.25/ide/plugins/com.nxp.mcuxpresso.tools.win32_24.9.0.202407110857/tools/bin/../lib/gcc/arm-none-eabi/13.2.1/../../../../arm-none-eabi/lib/thumb/v6-m/nofp\libcr_c.a(_fdopen.o)
 .debug_aranges
                0x00000e18       0x20 C:/nxp/MCUXpressoIDE_24.9.25/ide/plugins/com.nxp.mcuxpresso.tools.win32_24.9.0.202407110857/tools/bin/../lib/gcc/arm-none-eabi/13.2.1/../../../../arm-none-eabi/lib/thumb/v6-m/nofp\libcr_c.a(_fflush.o)
 .debug_aranges
                0x00000e38       0x20 C:/nxp/MCUXpressoIDE_24.9.25/ide/plugins/com.nxp.mcuxpresso.tools.win32_24.9.0.202407110857/tools/bin/../lib/gcc/arm-none-eabi/13.2.1/../../../../arm-none-eabi/lib/thumb/v6-m/nofp\libcr_c.a(_writebuf.o)
 .debug_aranges
                0x00000e58       0x20 C:/nxp/MCUXpressoIDE_24.9.25/ide/plugins/com.nxp.mcuxpresso.tools.win32_24.9.0.202407110857/tools/bin/../lib/gcc/arm-none-eabi/13.2.1/../../../../arm-none-eabi/lib/thumb/v6-m/nofp\libcr_c.a(fclose.o)
 .debug_aranges
                0x00000e78       0x20 C:/nxp/MCUXpressoIDE_24.9.25/ide/plugins/com.nxp.mcuxpresso.tools.win32_24.9.0.202407110857/tools/bin/../lib/gcc/arm-none-eabi/13.2.1/../../../../arm-none-eabi/lib/thumb/v6-m/nofp\libcr_c.a(fflush.o)
 .debug_aranges
                0x00000e98       0x20 C:/nxp/MCUXpressoIDE_24.9.25/ide/plugins/com.nxp.mcuxpresso.tools.win32_24.9.0.202407110857/tools/bin/../lib/gcc/arm-none-eabi/13.2.1/../../../../arm-none-eabi/lib/thumb/v6-m/nofp\libcr_c.a(fseek.o)
 .debug_aranges
                0x00000eb8       0x20 C:/nxp/MCUXpressoIDE_24.9.25/ide/plugins/com.nxp.mcuxpresso.tools.win32_24.9.0.202407110857/tools/bin/../lib/gcc/arm-none-eabi/13.2.1/../../../../arm-none-eabi/lib/thumb/v6-m/nofp\libcr_c.a(ftell.o)
 .debug_aranges
                0x00000ed8       0x28 C:/nxp/MCUXpressoIDE_24.9.25/ide/plugins/com.nxp.mcuxpresso.tools.win32_24.9.0.202407110857/tools/bin/../lib/gcc/arm-none-eabi/13.2.1/../../../../arm-none-eabi/lib/thumb/v6-m/nofp\libcr_c.a(remove.o)
 .debug_aranges
                0x00000f00       0x20 C:/nxp/MCUXpressoIDE_24.9.25/ide/plugins/com.nxp.mcuxpresso.tools.win32_24.9.0.202407110857/tools/bin/../lib/gcc/arm-none-eabi/13.2.1/../../../../arm-none-eabi/lib/thumb/v6-m/nofp\libcr_c.a(_do_fflush.o)
 .debug_aranges
                0x00000f20       0x18 C:/nxp/MCUXpressoIDE_24.9.25/ide/plugins/com.nxp.mcuxpresso.tools.win32_24.9.0.202407110857/tools/bin/../lib/gcc/arm-none-eabi/13.2.1/../../../../arm-none-eabi/lib/thumb/v6-m/nofp\libcr_nohost_nf.a(__ciob.o)
 .debug_aranges
                0x00000f38       0x20 C:/nxp/MCUXpressoIDE_24.9.25/ide/plugins/com.nxp.mcuxpresso.tools.win32_24.9.0.202407110857/tools/bin/../lib/gcc/arm-none-eabi/13.2.1/../../../../arm-none-eabi/lib/thumb/v6-m/nofp\libcr_nohost_nf.a(__sys_close.o)
 .debug_aranges
                0x00000f58       0x20 C:/nxp/MCUXpressoIDE_24.9.25/ide/plugins/com.nxp.mcuxpresso.tools.win32_24.9.0.202407110857/tools/bin/../lib/gcc/arm-none-eabi/13.2.1/../../../../arm-none-eabi/lib/thumb/v6-m/nofp\libcr_nohost_nf.a(__sys_flen.o)
 .debug_aranges
                0x00000f78       0x20 C:/nxp/MCUXpressoIDE_24.9.25/ide/plugins/com.nxp.mcuxpresso.tools.win32_24.9.0.202407110857/tools/bin/../lib/gcc/arm-none-eabi/13.2.1/../../../../arm-none-eabi/lib/thumb/v6-m/nofp\libcr_nohost_nf.a(__sys_istty.o)
 .debug_aranges
                0x00000f98       0x20 C:/nxp/MCUXpressoIDE_24.9.25/ide/plugins/com.nxp.mcuxpresso.tools.win32_24.9.0.202407110857/tools/bin/../lib/gcc/arm-none-eabi/13.2.1/../../../../arm-none-eabi/lib/thumb/v6-m/nofp\libcr_nohost_nf.a(__sys_remove.o)
 .debug_aranges
                0x00000fb8       0x20 C:/nxp/MCUXpressoIDE_24.9.25/ide/plugins/com.nxp.mcuxpresso.tools.win32_24.9.0.202407110857/tools/bin/../lib/gcc/arm-none-eabi/13.2.1/../../../../arm-none-eabi/lib/thumb/v6-m/nofp\libcr_nohost_nf.a(__sys_seek.o)
 .debug_aranges
                0x00000fd8       0x20 C:/nxp/MCUXpressoIDE_24.9.25/ide/plugins/com.nxp.mcuxpresso.tools.win32_24.9.0.202407110857/tools/bin/../lib/gcc/arm-none-eabi/13.2.1/../../../../arm-none-eabi/lib/thumb/v6-m/nofp\libcr_nohost_nf.a(__sys_tmpnam.o)
 .debug_aranges
                0x00000ff8       0x20 C:/nxp/MCUXpressoIDE_24.9.25/ide/plugins/com.nxp.mcuxpresso.tools.win32_24.9.0.202407110857/tools/bin/../lib/gcc/arm-none-eabi/13.2.1/../../../../arm-none-eabi/lib/thumb/v6-m/nofp\libcr_nohost_nf.a(__sys_write.o)

.debug_ranges   0x00000000      0xe08
 .debug_ranges  0x00000000       0x18 ./utilities/fsl_assert.o
 .debug_ranges  0x00000018       0x98 ./utilities/fsl_debug_console.o
 .debug_ranges  0x000000b0      0x108 ./utilities/fsl_str.o
 .debug_ranges  0x000001b8      0x150 ./startup/startup_mke16z4.o
 .debug_ranges  0x00000308       0x58 ./source/UART/uart.o
 .debug_ranges  0x00000360       0x28 ./source/SREC_LAYER/srec.o
 .debug_ranges  0x00000388       0x48 ./source/QUEUE/user_queue.o
 .debug_ranges  0x000003d0       0x40 ./source/FLASH/flash.o
 .debug_ranges  0x00000410       0x18 ./source/BOOT_LOADER/boot_loader.o
 .debug_ranges  0x00000428       0x20 ./source/APPLICATION/app.o
 .debug_ranges  0x00000448       0x10 ./source/DatPV18_MOOC_BOOT_LOADER.o
 .debug_ranges  0x00000458       0x10 ./source/semihost_hardfault.o
 .debug_ranges  0x00000468       0xc8 ./drivers/fsl_clock.o
 .debug_ranges  0x00000530      0x228 ./drivers/fsl_lpi2c.o
 .debug_ranges  0x00000758      0x180 ./drivers/fsl_lpuart.o
 .debug_ranges  0x000008d8       0x20 ./device/system_MKE16Z4.o
 .debug_ranges  0x000008f8       0x48 ./component/uart/fsl_adapter_lpuart.o
 .debug_ranges  0x00000940       0x90 ./component/serial_manager/fsl_component_serial_manager.o
 .debug_ranges  0x000009d0       0x38 ./component/serial_manager/fsl_component_serial_port_uart.o
 .debug_ranges  0x00000a08       0x18 ./board/board.o
 .debug_ranges  0x00000a20       0x60 ./board/clock_config.o
 .debug_ranges  0x00000a80       0x18 ./board/peripherals.o
 .debug_ranges  0x00000a98       0x80 ./board/pin_mux.o
 .debug_ranges  0x00000b18       0x10 C:/nxp/MCUXpressoIDE_24.9.25/ide/plugins/com.nxp.mcuxpresso.tools.win32_24.9.0.202407110857/tools/bin/../lib/gcc/arm-none-eabi/13.2.1/../../../../arm-none-eabi/lib/thumb/v6-m/nofp\libcr_nohost_nf.a(_cr__main.o)
 .debug_ranges  0x00000b28       0x10 C:/nxp/MCUXpressoIDE_24.9.25/ide/plugins/com.nxp.mcuxpresso.tools.win32_24.9.0.202407110857/tools/bin/../lib/gcc/arm-none-eabi/13.2.1/../../../../arm-none-eabi/lib/thumb/v6-m/nofp\libcr_c.a(memcpy.o)
 .debug_ranges  0x00000b38       0x10 C:/nxp/MCUXpressoIDE_24.9.25/ide/plugins/com.nxp.mcuxpresso.tools.win32_24.9.0.202407110857/tools/bin/../lib/gcc/arm-none-eabi/13.2.1/../../../../arm-none-eabi/lib/thumb/v6-m/nofp\libcr_c.a(memmove.o)
 .debug_ranges  0x00000b48       0x10 C:/nxp/MCUXpressoIDE_24.9.25/ide/plugins/com.nxp.mcuxpresso.tools.win32_24.9.0.202407110857/tools/bin/../lib/gcc/arm-none-eabi/13.2.1/../../../../arm-none-eabi/lib/thumb/v6-m/nofp\libcr_c.a(memset.o)
 .debug_ranges  0x00000b58       0x50 C:/nxp/MCUXpressoIDE_24.9.25/ide/plugins/com.nxp.mcuxpresso.tools.win32_24.9.0.202407110857/tools/bin/../lib/gcc/arm-none-eabi/13.2.1/../../../../arm-none-eabi/lib/thumb/v6-m/nofp\libcr_c.a(alloc.o)
 .debug_ranges  0x00000ba8       0x70 C:/nxp/MCUXpressoIDE_24.9.25/ide/plugins/com.nxp.mcuxpresso.tools.win32_24.9.0.202407110857/tools/bin/../lib/gcc/arm-none-eabi/13.2.1/../../../../arm-none-eabi/lib/thumb/v6-m/nofp\libcr_c.a(ctype.o)
 .debug_ranges  0x00000c18       0x38 C:/nxp/MCUXpressoIDE_24.9.25/ide/plugins/com.nxp.mcuxpresso.tools.win32_24.9.0.202407110857/tools/bin/../lib/gcc/arm-none-eabi/13.2.1/../../../../arm-none-eabi/lib/thumb/v6-m/nofp\libcr_c.a(initio.o)
 .debug_ranges  0x00000c50       0x10 C:/nxp/MCUXpressoIDE_24.9.25/ide/plugins/com.nxp.mcuxpresso.tools.win32_24.9.0.202407110857/tools/bin/../lib/gcc/arm-none-eabi/13.2.1/../../../../arm-none-eabi/lib/thumb/v6-m/nofp\libcr_c.a(setvbuf.o)
 .debug_ranges  0x00000c60       0x28 C:/nxp/MCUXpressoIDE_24.9.25/ide/plugins/com.nxp.mcuxpresso.tools.win32_24.9.0.202407110857/tools/bin/../lib/gcc/arm-none-eabi/13.2.1/../../../../arm-none-eabi/lib/thumb/v6-m/nofp\libcr_c.a(strlen.o)
 .debug_ranges  0x00000c88       0x48 C:/nxp/MCUXpressoIDE_24.9.25/ide/plugins/com.nxp.mcuxpresso.tools.win32_24.9.0.202407110857/tools/bin/../lib/gcc/arm-none-eabi/13.2.1/../../../../arm-none-eabi/lib/thumb/v6-m/nofp\libcr_c.a(_deferredlazyseek.o)
 .debug_ranges  0x00000cd0       0x10 C:/nxp/MCUXpressoIDE_24.9.25/ide/plugins/com.nxp.mcuxpresso.tools.win32_24.9.0.202407110857/tools/bin/../lib/gcc/arm-none-eabi/13.2.1/../../../../arm-none-eabi/lib/thumb/v6-m/nofp\libcr_c.a(_fdopen.o)
 .debug_ranges  0x00000ce0       0x10 C:/nxp/MCUXpressoIDE_24.9.25/ide/plugins/com.nxp.mcuxpresso.tools.win32_24.9.0.202407110857/tools/bin/../lib/gcc/arm-none-eabi/13.2.1/../../../../arm-none-eabi/lib/thumb/v6-m/nofp\libcr_c.a(_fflush.o)
 .debug_ranges  0x00000cf0       0x10 C:/nxp/MCUXpressoIDE_24.9.25/ide/plugins/com.nxp.mcuxpresso.tools.win32_24.9.0.202407110857/tools/bin/../lib/gcc/arm-none-eabi/13.2.1/../../../../arm-none-eabi/lib/thumb/v6-m/nofp\libcr_c.a(_writebuf.o)
 .debug_ranges  0x00000d00       0x10 C:/nxp/MCUXpressoIDE_24.9.25/ide/plugins/com.nxp.mcuxpresso.tools.win32_24.9.0.202407110857/tools/bin/../lib/gcc/arm-none-eabi/13.2.1/../../../../arm-none-eabi/lib/thumb/v6-m/nofp\libcr_c.a(fclose.o)
 .debug_ranges  0x00000d10       0x28 C:/nxp/MCUXpressoIDE_24.9.25/ide/plugins/com.nxp.mcuxpresso.tools.win32_24.9.0.202407110857/tools/bin/../lib/gcc/arm-none-eabi/13.2.1/../../../../arm-none-eabi/lib/thumb/v6-m/nofp\libcr_c.a(fflush.o)
 .debug_ranges  0x00000d38       0x10 C:/nxp/MCUXpressoIDE_24.9.25/ide/plugins/com.nxp.mcuxpresso.tools.win32_24.9.0.202407110857/tools/bin/../lib/gcc/arm-none-eabi/13.2.1/../../../../arm-none-eabi/lib/thumb/v6-m/nofp\libcr_c.a(fseek.o)
 .debug_ranges  0x00000d48       0x10 C:/nxp/MCUXpressoIDE_24.9.25/ide/plugins/com.nxp.mcuxpresso.tools.win32_24.9.0.202407110857/tools/bin/../lib/gcc/arm-none-eabi/13.2.1/../../../../arm-none-eabi/lib/thumb/v6-m/nofp\libcr_c.a(ftell.o)
 .debug_ranges  0x00000d58       0x18 C:/nxp/MCUXpressoIDE_24.9.25/ide/plugins/com.nxp.mcuxpresso.tools.win32_24.9.0.202407110857/tools/bin/../lib/gcc/arm-none-eabi/13.2.1/../../../../arm-none-eabi/lib/thumb/v6-m/nofp\libcr_c.a(remove.o)
 .debug_ranges  0x00000d70       0x28 C:/nxp/MCUXpressoIDE_24.9.25/ide/plugins/com.nxp.mcuxpresso.tools.win32_24.9.0.202407110857/tools/bin/../lib/gcc/arm-none-eabi/13.2.1/../../../../arm-none-eabi/lib/thumb/v6-m/nofp\libcr_c.a(_do_fflush.o)
 .debug_ranges  0x00000d98       0x10 C:/nxp/MCUXpressoIDE_24.9.25/ide/plugins/com.nxp.mcuxpresso.tools.win32_24.9.0.202407110857/tools/bin/../lib/gcc/arm-none-eabi/13.2.1/../../../../arm-none-eabi/lib/thumb/v6-m/nofp\libcr_nohost_nf.a(__sys_close.o)
 .debug_ranges  0x00000da8       0x10 C:/nxp/MCUXpressoIDE_24.9.25/ide/plugins/com.nxp.mcuxpresso.tools.win32_24.9.0.202407110857/tools/bin/../lib/gcc/arm-none-eabi/13.2.1/../../../../arm-none-eabi/lib/thumb/v6-m/nofp\libcr_nohost_nf.a(__sys_flen.o)
 .debug_ranges  0x00000db8       0x10 C:/nxp/MCUXpressoIDE_24.9.25/ide/plugins/com.nxp.mcuxpresso.tools.win32_24.9.0.202407110857/tools/bin/../lib/gcc/arm-none-eabi/13.2.1/../../../../arm-none-eabi/lib/thumb/v6-m/nofp\libcr_nohost_nf.a(__sys_istty.o)
 .debug_ranges  0x00000dc8       0x10 C:/nxp/MCUXpressoIDE_24.9.25/ide/plugins/com.nxp.mcuxpresso.tools.win32_24.9.0.202407110857/tools/bin/../lib/gcc/arm-none-eabi/13.2.1/../../../../arm-none-eabi/lib/thumb/v6-m/nofp\libcr_nohost_nf.a(__sys_remove.o)
 .debug_ranges  0x00000dd8       0x10 C:/nxp/MCUXpressoIDE_24.9.25/ide/plugins/com.nxp.mcuxpresso.tools.win32_24.9.0.202407110857/tools/bin/../lib/gcc/arm-none-eabi/13.2.1/../../../../arm-none-eabi/lib/thumb/v6-m/nofp\libcr_nohost_nf.a(__sys_seek.o)
 .debug_ranges  0x00000de8       0x10 C:/nxp/MCUXpressoIDE_24.9.25/ide/plugins/com.nxp.mcuxpresso.tools.win32_24.9.0.202407110857/tools/bin/../lib/gcc/arm-none-eabi/13.2.1/../../../../arm-none-eabi/lib/thumb/v6-m/nofp\libcr_nohost_nf.a(__sys_tmpnam.o)
 .debug_ranges  0x00000df8       0x10 C:/nxp/MCUXpressoIDE_24.9.25/ide/plugins/com.nxp.mcuxpresso.tools.win32_24.9.0.202407110857/tools/bin/../lib/gcc/arm-none-eabi/13.2.1/../../../../arm-none-eabi/lib/thumb/v6-m/nofp\libcr_nohost_nf.a(__sys_write.o)

.debug_macro    0x00000000     0xb711
 .debug_macro   0x00000000      0x158 ./utilities/fsl_assert.o
 .debug_macro   0x00000158      0xae4 ./utilities/fsl_assert.o
 .debug_macro   0x00000c3c       0x10 ./utilities/fsl_assert.o
 .debug_macro   0x00000c4c       0x1c ./utilities/fsl_assert.o
 .debug_macro   0x00000c68       0x22 ./utilities/fsl_assert.o
 .debug_macro   0x00000c8a      0x12e ./utilities/fsl_assert.o
 .debug_macro   0x00000db8      0x5b3 ./utilities/fsl_assert.o
 .debug_macro   0x0000136b       0x22 ./utilities/fsl_assert.o
 .debug_macro   0x0000138d       0x10 ./utilities/fsl_assert.o
 .debug_macro   0x0000139d       0x3f ./utilities/fsl_assert.o
 .debug_macro   0x000013dc       0x1c ./utilities/fsl_assert.o
 .debug_macro   0x000013f8       0x22 ./utilities/fsl_assert.o
 .debug_macro   0x0000141a       0xd1 ./utilities/fsl_assert.o
 .debug_macro   0x000014eb      0x3ad ./utilities/fsl_assert.o
 .debug_macro   0x00001898       0x3a ./utilities/fsl_assert.o
 .debug_macro   0x000018d2     0x6d8e ./utilities/fsl_assert.o
 .debug_macro   0x00008660      0x90e ./utilities/fsl_assert.o
 .debug_macro   0x00008f6e       0x88 ./utilities/fsl_assert.o
 .debug_macro   0x00008ff6       0x9d ./utilities/fsl_assert.o
 .debug_macro   0x00009093       0x98 ./utilities/fsl_assert.o
 .debug_macro   0x0000912b       0x70 ./utilities/fsl_assert.o
 .debug_macro   0x0000919b       0x47 ./utilities/fsl_assert.o
 .debug_macro   0x000091e2       0x16 ./utilities/fsl_assert.o
 .debug_macro   0x000091f8       0x6d ./utilities/fsl_assert.o
 .debug_macro   0x00009265       0x16 ./utilities/fsl_assert.o
 .debug_macro   0x0000927b       0x1c ./utilities/fsl_assert.o
 .debug_macro   0x00009297       0x1c ./utilities/fsl_assert.o
 .debug_macro   0x000092b3      0x1c5 ./utilities/fsl_debug_console.o
 .debug_macro   0x00009478       0x16 ./utilities/fsl_debug_console.o
 .debug_macro   0x0000948e       0x10 ./utilities/fsl_debug_console.o
 .debug_macro   0x0000949e       0x28 ./utilities/fsl_debug_console.o
 .debug_macro   0x000094c6       0x16 ./utilities/fsl_debug_console.o
 .debug_macro   0x000094dc       0x3c ./utilities/fsl_debug_console.o
 .debug_macro   0x00009518       0x1c ./utilities/fsl_debug_console.o
 .debug_macro   0x00009534       0x1c ./utilities/fsl_debug_console.o
 .debug_macro   0x00009550      0x147 ./utilities/fsl_str.o
 .debug_macro   0x00009697       0xc4 ./utilities/fsl_str.o
 .debug_macro   0x0000975b      0x1c7 ./utilities/fsl_str.o
 .debug_macro   0x00009922       0x16 ./utilities/fsl_str.o
 .debug_macro   0x00009938       0x29 ./startup/startup_mke16z4.o
 .debug_macro   0x00009961      0x19c ./source/UART/uart.o
 .debug_macro   0x00009afd       0x10 ./source/UART/uart.o
 .debug_macro   0x00009b0d       0x10 ./source/UART/uart.o
 .debug_macro   0x00009b1d      0x174 ./source/SREC_LAYER/srec.o
 .debug_macro   0x00009c91       0xd8 ./source/SREC_LAYER/srec.o
 .debug_macro   0x00009d69       0x7c ./source/SREC_LAYER/srec.o
 .debug_macro   0x00009de5      0x157 ./source/QUEUE/user_queue.o
 .debug_macro   0x00009f3c      0x15a ./source/FLASH/flash.o
 .debug_macro   0x0000a096      0x18f ./source/BOOT_LOADER/boot_loader.o
 .debug_macro   0x0000a225      0x1bf ./source/APPLICATION/app.o
 .debug_macro   0x0000a3e4       0x16 ./source/APPLICATION/app.o
 .debug_macro   0x0000a3fa       0x16 ./source/APPLICATION/app.o
 .debug_macro   0x0000a410      0x17f ./source/APPLICATION/app.o
 .debug_macro   0x0000a58f      0x248 ./source/APPLICATION/app.o
 .debug_macro   0x0000a7d7       0x1b ./source/DatPV18_MOOC_BOOT_LOADER.o
 .debug_macro   0x0000a7f2       0x2f ./source/mtb.o
 .debug_macro   0x0000a821       0x82 ./source/mtb.o
 .debug_macro   0x0000a8a3       0x10 ./source/mtb.o
 .debug_macro   0x0000a8b3       0x11 ./source/semihost_hardfault.o
 .debug_macro   0x0000a8c4      0x15f ./drivers/fsl_clock.o
 .debug_macro   0x0000aa23      0x11f ./drivers/fsl_lpi2c.o
 .debug_macro   0x0000ab42       0x16 ./drivers/fsl_lpi2c.o
 .debug_macro   0x0000ab58       0x1c ./drivers/fsl_lpi2c.o
 .debug_macro   0x0000ab74       0x10 ./drivers/fsl_lpi2c.o
 .debug_macro   0x0000ab84      0x120 ./drivers/fsl_lpuart.o
 .debug_macro   0x0000aca4       0x97 ./device/system_MKE16Z4.o
 .debug_macro   0x0000ad3b      0x13f ./component/uart/fsl_adapter_lpuart.o
 .debug_macro   0x0000ae7a       0x41 ./component/uart/fsl_adapter_lpuart.o
 .debug_macro   0x0000aebb      0x18f ./component/serial_manager/fsl_component_serial_manager.o
 .debug_macro   0x0000b04a       0x6a ./component/serial_manager/fsl_component_serial_manager.o
 .debug_macro   0x0000b0b4      0x14d ./component/serial_manager/fsl_component_serial_port_uart.o
 .debug_macro   0x0000b201      0x175 ./board/board.o
 .debug_macro   0x0000b376       0x1c ./board/board.o
 .debug_macro   0x0000b392      0x12e ./board/clock_config.o
 .debug_macro   0x0000b4c0      0x115 ./board/peripherals.o
 .debug_macro   0x0000b5d5      0x126 ./board/pin_mux.o
 .debug_macro   0x0000b6fb       0x16 ./board/pin_mux.o

.debug_line     0x00000000     0xca86
 .debug_line    0x00000000      0x50a ./utilities/fsl_assert.o
 .debug_line    0x0000050a      0x8ef ./utilities/fsl_debug_console.o
 .debug_line    0x00000df9      0xc80 ./utilities/fsl_str.o
 .debug_line    0x00001a79      0x2a4 ./startup/startup_mke16z4.o
 .debug_line    0x00001d1d      0x88b ./source/UART/uart.o
 .debug_line    0x000025a8      0x771 ./source/SREC_LAYER/srec.o
 .debug_line    0x00002d19      0x6e4 ./source/QUEUE/user_queue.o
 .debug_line    0x000033fd      0x73b ./source/FLASH/flash.o
 .debug_line    0x00003b38      0x67a ./source/BOOT_LOADER/boot_loader.o
 .debug_line    0x000041b2      0x7e9 ./source/APPLICATION/app.o
 .debug_line    0x0000499b       0xcd ./source/DatPV18_MOOC_BOOT_LOADER.o
 .debug_line    0x00004a68       0xcd ./source/mtb.o
 .debug_line    0x00004b35       0x59 ./source/semihost_hardfault.o
 .debug_line    0x00004b8e      0x9fa ./drivers/fsl_clock.o
 .debug_line    0x00005588     0x173d ./drivers/fsl_lpi2c.o
 .debug_line    0x00006cc5     0x1571 ./drivers/fsl_lpuart.o
 .debug_line    0x00008236      0x32a ./device/system_MKE16Z4.o
 .debug_line    0x00008560      0x583 ./component/uart/fsl_adapter_lpuart.o
 .debug_line    0x00008ae3      0x7ec ./component/serial_manager/fsl_component_serial_manager.o
 .debug_line    0x000092cf      0x5a3 ./component/serial_manager/fsl_component_serial_port_uart.o
 .debug_line    0x00009872      0x59b ./board/board.o
 .debug_line    0x00009e0d      0x59a ./board/clock_config.o
 .debug_line    0x0000a3a7      0x3af ./board/peripherals.o
 .debug_line    0x0000a756      0x620 ./board/pin_mux.o
 .debug_line    0x0000ad76       0xce C:/nxp/MCUXpressoIDE_24.9.25/ide/plugins/com.nxp.mcuxpresso.tools.win32_24.9.0.202407110857/tools/bin/../lib/gcc/arm-none-eabi/13.2.1/../../../../arm-none-eabi/lib/thumb/v6-m/nofp\libcr_nohost_nf.a(_cr__main.o)
 .debug_line    0x0000ae44       0xa2 C:/nxp/MCUXpressoIDE_24.9.25/ide/plugins/com.nxp.mcuxpresso.tools.win32_24.9.0.202407110857/tools/bin/../lib/gcc/arm-none-eabi/13.2.1/../../../../arm-none-eabi/lib/thumb/v6-m/nofp\libcr_c.a(memcpy.o)
 .debug_line    0x0000aee6       0xa3 C:/nxp/MCUXpressoIDE_24.9.25/ide/plugins/com.nxp.mcuxpresso.tools.win32_24.9.0.202407110857/tools/bin/../lib/gcc/arm-none-eabi/13.2.1/../../../../arm-none-eabi/lib/thumb/v6-m/nofp\libcr_c.a(memmove.o)
 .debug_line    0x0000af89       0x82 C:/nxp/MCUXpressoIDE_24.9.25/ide/plugins/com.nxp.mcuxpresso.tools.win32_24.9.0.202407110857/tools/bin/../lib/gcc/arm-none-eabi/13.2.1/../../../../arm-none-eabi/lib/thumb/v6-m/nofp\libcr_c.a(memset.o)
 .debug_line    0x0000b00b      0x3b9 C:/nxp/MCUXpressoIDE_24.9.25/ide/plugins/com.nxp.mcuxpresso.tools.win32_24.9.0.202407110857/tools/bin/../lib/gcc/arm-none-eabi/13.2.1/../../../../arm-none-eabi/lib/thumb/v6-m/nofp\libcr_c.a(alloc.o)
 .debug_line    0x0000b3c4      0x217 C:/nxp/MCUXpressoIDE_24.9.25/ide/plugins/com.nxp.mcuxpresso.tools.win32_24.9.0.202407110857/tools/bin/../lib/gcc/arm-none-eabi/13.2.1/../../../../arm-none-eabi/lib/thumb/v6-m/nofp\libcr_c.a(ctype.o)
 .debug_line    0x0000b5db       0x4e C:/nxp/MCUXpressoIDE_24.9.25/ide/plugins/com.nxp.mcuxpresso.tools.win32_24.9.0.202407110857/tools/bin/../lib/gcc/arm-none-eabi/13.2.1/../../../../arm-none-eabi/lib/thumb/v6-m/nofp\libcr_c.a(errno.o)
 .debug_line    0x0000b629      0x146 C:/nxp/MCUXpressoIDE_24.9.25/ide/plugins/com.nxp.mcuxpresso.tools.win32_24.9.0.202407110857/tools/bin/../lib/gcc/arm-none-eabi/13.2.1/../../../../arm-none-eabi/lib/thumb/v6-m/nofp\libcr_c.a(initio.o)
 .debug_line    0x0000b76f       0xf7 C:/nxp/MCUXpressoIDE_24.9.25/ide/plugins/com.nxp.mcuxpresso.tools.win32_24.9.0.202407110857/tools/bin/../lib/gcc/arm-none-eabi/13.2.1/../../../../arm-none-eabi/lib/thumb/v6-m/nofp\libcr_c.a(setvbuf.o)
 .debug_line    0x0000b866      0x123 C:/nxp/MCUXpressoIDE_24.9.25/ide/plugins/com.nxp.mcuxpresso.tools.win32_24.9.0.202407110857/tools/bin/../lib/gcc/arm-none-eabi/13.2.1/../../../../arm-none-eabi/lib/thumb/v6-m/nofp\libcr_c.a(strlen.o)
 .debug_line    0x0000b989      0x2fc C:/nxp/MCUXpressoIDE_24.9.25/ide/plugins/com.nxp.mcuxpresso.tools.win32_24.9.0.202407110857/tools/bin/../lib/gcc/arm-none-eabi/13.2.1/../../../../arm-none-eabi/lib/thumb/v6-m/nofp\libcr_c.a(_deferredlazyseek.o)
 .debug_line    0x0000bc85      0x13b C:/nxp/MCUXpressoIDE_24.9.25/ide/plugins/com.nxp.mcuxpresso.tools.win32_24.9.0.202407110857/tools/bin/../lib/gcc/arm-none-eabi/13.2.1/../../../../arm-none-eabi/lib/thumb/v6-m/nofp\libcr_c.a(_fdopen.o)
 .debug_line    0x0000bdc0      0x127 C:/nxp/MCUXpressoIDE_24.9.25/ide/plugins/com.nxp.mcuxpresso.tools.win32_24.9.0.202407110857/tools/bin/../lib/gcc/arm-none-eabi/13.2.1/../../../../arm-none-eabi/lib/thumb/v6-m/nofp\libcr_c.a(_fflush.o)
 .debug_line    0x0000bee7      0x13e C:/nxp/MCUXpressoIDE_24.9.25/ide/plugins/com.nxp.mcuxpresso.tools.win32_24.9.0.202407110857/tools/bin/../lib/gcc/arm-none-eabi/13.2.1/../../../../arm-none-eabi/lib/thumb/v6-m/nofp\libcr_c.a(_writebuf.o)
 .debug_line    0x0000c025      0x10f C:/nxp/MCUXpressoIDE_24.9.25/ide/plugins/com.nxp.mcuxpresso.tools.win32_24.9.0.202407110857/tools/bin/../lib/gcc/arm-none-eabi/13.2.1/../../../../arm-none-eabi/lib/thumb/v6-m/nofp\libcr_c.a(fclose.o)
 .debug_line    0x0000c134       0xe3 C:/nxp/MCUXpressoIDE_24.9.25/ide/plugins/com.nxp.mcuxpresso.tools.win32_24.9.0.202407110857/tools/bin/../lib/gcc/arm-none-eabi/13.2.1/../../../../arm-none-eabi/lib/thumb/v6-m/nofp\libcr_c.a(fflush.o)
 .debug_line    0x0000c217      0x23b C:/nxp/MCUXpressoIDE_24.9.25/ide/plugins/com.nxp.mcuxpresso.tools.win32_24.9.0.202407110857/tools/bin/../lib/gcc/arm-none-eabi/13.2.1/../../../../arm-none-eabi/lib/thumb/v6-m/nofp\libcr_c.a(fseek.o)
 .debug_line    0x0000c452      0x110 C:/nxp/MCUXpressoIDE_24.9.25/ide/plugins/com.nxp.mcuxpresso.tools.win32_24.9.0.202407110857/tools/bin/../lib/gcc/arm-none-eabi/13.2.1/../../../../arm-none-eabi/lib/thumb/v6-m/nofp\libcr_c.a(ftell.o)
 .debug_line    0x0000c562       0xea C:/nxp/MCUXpressoIDE_24.9.25/ide/plugins/com.nxp.mcuxpresso.tools.win32_24.9.0.202407110857/tools/bin/../lib/gcc/arm-none-eabi/13.2.1/../../../../arm-none-eabi/lib/thumb/v6-m/nofp\libcr_c.a(remove.o)
 .debug_line    0x0000c64c      0x100 C:/nxp/MCUXpressoIDE_24.9.25/ide/plugins/com.nxp.mcuxpresso.tools.win32_24.9.0.202407110857/tools/bin/../lib/gcc/arm-none-eabi/13.2.1/../../../../arm-none-eabi/lib/thumb/v6-m/nofp\libcr_c.a(_do_fflush.o)
 .debug_line    0x0000c74c       0xf4 C:/nxp/MCUXpressoIDE_24.9.25/ide/plugins/com.nxp.mcuxpresso.tools.win32_24.9.0.202407110857/tools/bin/../lib/gcc/arm-none-eabi/13.2.1/../../../../arm-none-eabi/lib/thumb/v6-m/nofp\libcr_nohost_nf.a(__ciob.o)
 .debug_line    0x0000c840       0x54 C:/nxp/MCUXpressoIDE_24.9.25/ide/plugins/com.nxp.mcuxpresso.tools.win32_24.9.0.202407110857/tools/bin/../lib/gcc/arm-none-eabi/13.2.1/../../../../arm-none-eabi/lib/thumb/v6-m/nofp\libcr_nohost_nf.a(__sys_close.o)
 .debug_line    0x0000c894       0x53 C:/nxp/MCUXpressoIDE_24.9.25/ide/plugins/com.nxp.mcuxpresso.tools.win32_24.9.0.202407110857/tools/bin/../lib/gcc/arm-none-eabi/13.2.1/../../../../arm-none-eabi/lib/thumb/v6-m/nofp\libcr_nohost_nf.a(__sys_flen.o)
 .debug_line    0x0000c8e7       0x54 C:/nxp/MCUXpressoIDE_24.9.25/ide/plugins/com.nxp.mcuxpresso.tools.win32_24.9.0.202407110857/tools/bin/../lib/gcc/arm-none-eabi/13.2.1/../../../../arm-none-eabi/lib/thumb/v6-m/nofp\libcr_nohost_nf.a(__sys_istty.o)
 .debug_line    0x0000c93b       0x55 C:/nxp/MCUXpressoIDE_24.9.25/ide/plugins/com.nxp.mcuxpresso.tools.win32_24.9.0.202407110857/tools/bin/../lib/gcc/arm-none-eabi/13.2.1/../../../../arm-none-eabi/lib/thumb/v6-m/nofp\libcr_nohost_nf.a(__sys_remove.o)
 .debug_line    0x0000c990       0x53 C:/nxp/MCUXpressoIDE_24.9.25/ide/plugins/com.nxp.mcuxpresso.tools.win32_24.9.0.202407110857/tools/bin/../lib/gcc/arm-none-eabi/13.2.1/../../../../arm-none-eabi/lib/thumb/v6-m/nofp\libcr_nohost_nf.a(__sys_seek.o)
 .debug_line    0x0000c9e3       0x55 C:/nxp/MCUXpressoIDE_24.9.25/ide/plugins/com.nxp.mcuxpresso.tools.win32_24.9.0.202407110857/tools/bin/../lib/gcc/arm-none-eabi/13.2.1/../../../../arm-none-eabi/lib/thumb/v6-m/nofp\libcr_nohost_nf.a(__sys_tmpnam.o)
 .debug_line    0x0000ca38       0x4e C:/nxp/MCUXpressoIDE_24.9.25/ide/plugins/com.nxp.mcuxpresso.tools.win32_24.9.0.202407110857/tools/bin/../lib/gcc/arm-none-eabi/13.2.1/../../../../arm-none-eabi/lib/thumb/v6-m/nofp\libcr_nohost_nf.a(__sys_write.o)

.debug_str      0x00000000    0x49402
 .debug_str     0x00000000    0x49402 ./utilities/fsl_assert.o
                              0x3ec2b (size before relaxing)
 .debug_str     0x00049402    0x40434 ./utilities/fsl_debug_console.o
 .debug_str     0x00049402    0x3ee7e ./utilities/fsl_str.o
 .debug_str     0x00049402     0x32e1 ./startup/startup_mke16z4.o
 .debug_str     0x00049402    0x40521 ./source/UART/uart.o
 .debug_str     0x00049402    0x3f190 ./source/SREC_LAYER/srec.o
 .debug_str     0x00049402    0x3ecb7 ./source/QUEUE/user_queue.o